build-and-smoke	Set up job	ï»¿2025-11-26T05:46:12.1683734Z Current runner version: '2.329.0'
build-and-smoke	Set up job	2025-11-26T05:46:12.1719977Z ##[group]Runner Image Provisioner
build-and-smoke	Set up job	2025-11-26T05:46:12.1721450Z Hosted Compute Agent
build-and-smoke	Set up job	2025-11-26T05:46:12.1722431Z Version: 20251016.436
build-and-smoke	Set up job	2025-11-26T05:46:12.1723364Z Commit: 8ab8ac8bfd662a3739dab9fe09456aba92132568
build-and-smoke	Set up job	2025-11-26T05:46:12.1724652Z Build Date: 2025-10-15T20:44:12Z
build-and-smoke	Set up job	2025-11-26T05:46:12.1725856Z ##[endgroup]
build-and-smoke	Set up job	2025-11-26T05:46:12.1726706Z ##[group]Operating System
build-and-smoke	Set up job	2025-11-26T05:46:12.1727772Z Ubuntu
build-and-smoke	Set up job	2025-11-26T05:46:12.1728571Z 24.04.3
build-and-smoke	Set up job	2025-11-26T05:46:12.1729261Z LTS
build-and-smoke	Set up job	2025-11-26T05:46:12.1730155Z ##[endgroup]
build-and-smoke	Set up job	2025-11-26T05:46:12.1731023Z ##[group]Runner Image
build-and-smoke	Set up job	2025-11-26T05:46:12.1732032Z Image: ubuntu-24.04
build-and-smoke	Set up job	2025-11-26T05:46:12.1733017Z Version: 20251112.124.1
build-and-smoke	Set up job	2025-11-26T05:46:12.1734856Z Included Software: https://github.com/actions/runner-images/blob/ubuntu24/20251112.124/images/ubuntu/Ubuntu2404-Readme.md
build-and-smoke	Set up job	2025-11-26T05:46:12.1737661Z Image Release: https://github.com/actions/runner-images/releases/tag/ubuntu24%2F20251112.124
build-and-smoke	Set up job	2025-11-26T05:46:12.1739885Z ##[endgroup]
build-and-smoke	Set up job	2025-11-26T05:46:12.1741813Z ##[group]GITHUB_TOKEN Permissions
build-and-smoke	Set up job	2025-11-26T05:46:12.1745053Z Contents: read
build-and-smoke	Set up job	2025-11-26T05:46:12.1746266Z Metadata: read
build-and-smoke	Set up job	2025-11-26T05:46:12.1747202Z Packages: read
build-and-smoke	Set up job	2025-11-26T05:46:12.1748123Z ##[endgroup]
build-and-smoke	Set up job	2025-11-26T05:46:12.1751518Z Secret source: Actions
build-and-smoke	Set up job	2025-11-26T05:46:12.1752988Z Prepare workflow directory
build-and-smoke	Set up job	2025-11-26T05:46:12.2356613Z Prepare all required actions
build-and-smoke	Set up job	2025-11-26T05:46:12.2395242Z Getting action download info
build-and-smoke	Set up job	2025-11-26T05:46:12.5807712Z Download action repository 'actions/checkout@v4' (SHA:34e114876b0b11c390a56381ad16ebd13914f8d5)
build-and-smoke	Set up job	2025-11-26T05:46:13.2926181Z Download action repository 'actions/setup-node@v4' (SHA:49933ea5288caeca8642d1e84afbd3f7d6820020)
build-and-smoke	Set up job	2025-11-26T05:46:13.5094038Z Complete job name: build-and-smoke
build-and-smoke	Checkout	ï»¿2025-11-26T05:46:13.5750187Z ##[group]Run actions/checkout@v4
build-and-smoke	Checkout	2025-11-26T05:46:13.5751112Z with:
build-and-smoke	Checkout	2025-11-26T05:46:13.5751623Z   repository: opsvantagedigi/my-smart-wallets-app
build-and-smoke	Checkout	2025-11-26T05:46:13.5752402Z   token: ***
build-and-smoke	Checkout	2025-11-26T05:46:13.5752849Z   ssh-strict: true
build-and-smoke	Checkout	2025-11-26T05:46:13.5753273Z   ssh-user: git
build-and-smoke	Checkout	2025-11-26T05:46:13.5753763Z   persist-credentials: true
build-and-smoke	Checkout	2025-11-26T05:46:13.5754264Z   clean: true
build-and-smoke	Checkout	2025-11-26T05:46:13.5754699Z   sparse-checkout-cone-mode: true
build-and-smoke	Checkout	2025-11-26T05:46:13.5755223Z   fetch-depth: 1
build-and-smoke	Checkout	2025-11-26T05:46:13.5755832Z   fetch-tags: false
build-and-smoke	Checkout	2025-11-26T05:46:13.5756273Z   show-progress: true
build-and-smoke	Checkout	2025-11-26T05:46:13.5756727Z   lfs: false
build-and-smoke	Checkout	2025-11-26T05:46:13.5757144Z   submodules: false
build-and-smoke	Checkout	2025-11-26T05:46:13.5757605Z   set-safe-directory: true
build-and-smoke	Checkout	2025-11-26T05:46:13.5758348Z env:
build-and-smoke	Checkout	2025-11-26T05:46:13.5759114Z   NEXT_PUBLIC_RPC_URL: ***
build-and-smoke	Checkout	2025-11-26T05:46:13.5759598Z ##[endgroup]
build-and-smoke	Checkout	2025-11-26T05:46:13.6842747Z Syncing repository: opsvantagedigi/my-smart-wallets-app
build-and-smoke	Checkout	2025-11-26T05:46:13.6844780Z ##[group]Getting Git version info
build-and-smoke	Checkout	2025-11-26T05:46:13.6846258Z Working directory is '/home/runner/work/my-smart-wallets-app/my-smart-wallets-app'
build-and-smoke	Checkout	2025-11-26T05:46:13.6847467Z [command]/usr/bin/git version
build-and-smoke	Checkout	2025-11-26T05:46:13.6918035Z git version 2.51.2
build-and-smoke	Checkout	2025-11-26T05:46:13.6944407Z ##[endgroup]
build-and-smoke	Checkout	2025-11-26T05:46:13.6960050Z Temporarily overriding HOME='/home/runner/work/_temp/e0cdbb56-f5d5-4fbc-bb67-668aa339f386' before making global git config changes
build-and-smoke	Checkout	2025-11-26T05:46:13.6961579Z Adding repository directory to the temporary git global config as a safe directory
build-and-smoke	Checkout	2025-11-26T05:46:13.6973044Z [command]/usr/bin/git config --global --add safe.directory /home/runner/work/my-smart-wallets-app/my-smart-wallets-app
build-and-smoke	Checkout	2025-11-26T05:46:13.7008398Z Deleting the contents of '/home/runner/work/my-smart-wallets-app/my-smart-wallets-app'
build-and-smoke	Checkout	2025-11-26T05:46:13.7011636Z ##[group]Initializing the repository
build-and-smoke	Checkout	2025-11-26T05:46:13.7016492Z [command]/usr/bin/git init /home/runner/work/my-smart-wallets-app/my-smart-wallets-app
build-and-smoke	Checkout	2025-11-26T05:46:13.7114510Z hint: Using 'master' as the name for the initial branch. This default branch name
build-and-smoke	Checkout	2025-11-26T05:46:13.7116454Z hint: is subject to change. To configure the initial branch name to use in all
build-and-smoke	Checkout	2025-11-26T05:46:13.7118378Z hint: of your new repositories, which will suppress this warning, call:
build-and-smoke	Checkout	2025-11-26T05:46:13.7119506Z hint:
build-and-smoke	Checkout	2025-11-26T05:46:13.7120336Z hint: 	git config --global init.defaultBranch <name>
build-and-smoke	Checkout	2025-11-26T05:46:13.7121592Z hint:
build-and-smoke	Checkout	2025-11-26T05:46:13.7122798Z hint: Names commonly chosen instead of 'master' are 'main', 'trunk' and
build-and-smoke	Checkout	2025-11-26T05:46:13.7124680Z hint: 'development'. The just-created branch can be renamed via this command:
build-and-smoke	Checkout	2025-11-26T05:46:13.7126427Z hint:
build-and-smoke	Checkout	2025-11-26T05:46:13.7127217Z hint: 	git branch -m <name>
build-and-smoke	Checkout	2025-11-26T05:46:13.7128085Z hint:
build-and-smoke	Checkout	2025-11-26T05:46:13.7129233Z hint: Disable this message with "git config set advice.defaultBranchName false"
build-and-smoke	Checkout	2025-11-26T05:46:13.7131595Z Initialized empty Git repository in /home/runner/work/my-smart-wallets-app/my-smart-wallets-app/.git/
build-and-smoke	Checkout	2025-11-26T05:46:13.7135370Z [command]/usr/bin/git remote add origin https://github.com/opsvantagedigi/my-smart-wallets-app
build-and-smoke	Checkout	2025-11-26T05:46:13.7168655Z ##[endgroup]
build-and-smoke	Checkout	2025-11-26T05:46:13.7170112Z ##[group]Disabling automatic garbage collection
build-and-smoke	Checkout	2025-11-26T05:46:13.7173596Z [command]/usr/bin/git config --local gc.auto 0
build-and-smoke	Checkout	2025-11-26T05:46:13.7202582Z ##[endgroup]
build-and-smoke	Checkout	2025-11-26T05:46:13.7204002Z ##[group]Setting up auth
build-and-smoke	Checkout	2025-11-26T05:46:13.7210564Z [command]/usr/bin/git config --local --name-only --get-regexp core\.sshCommand
build-and-smoke	Checkout	2025-11-26T05:46:13.7243295Z [command]/usr/bin/git submodule foreach --recursive sh -c "git config --local --name-only --get-regexp 'core\.sshCommand' && git config --local --unset-all 'core.sshCommand' || :"
build-and-smoke	Checkout	2025-11-26T05:46:13.7598239Z [command]/usr/bin/git config --local --name-only --get-regexp http\.https\:\/\/github\.com\/\.extraheader
build-and-smoke	Checkout	2025-11-26T05:46:13.7629793Z [command]/usr/bin/git submodule foreach --recursive sh -c "git config --local --name-only --get-regexp 'http\.https\:\/\/github\.com\/\.extraheader' && git config --local --unset-all 'http.https://github.com/.extraheader' || :"
build-and-smoke	Checkout	2025-11-26T05:46:13.7853113Z [command]/usr/bin/git config --local --name-only --get-regexp ^includeIf\.gitdir:
build-and-smoke	Checkout	2025-11-26T05:46:13.7883891Z [command]/usr/bin/git submodule foreach --recursive git config --local --show-origin --name-only --get-regexp remote.origin.url
build-and-smoke	Checkout	2025-11-26T05:46:13.8120667Z [command]/usr/bin/git config --local http.https://github.com/.extraheader AUTHORIZATION: basic ***
build-and-smoke	Checkout	2025-11-26T05:46:13.8155234Z ##[endgroup]
build-and-smoke	Checkout	2025-11-26T05:46:13.8163865Z ##[group]Fetching the repository
build-and-smoke	Checkout	2025-11-26T05:46:13.8167015Z [command]/usr/bin/git -c protocol.version=2 fetch --no-tags --prune --no-recurse-submodules --depth=1 origin +c979b12b1bf529e16c1aff72282a4c426ac426d9:refs/remotes/origin/cleanup/cloudflare-deploy
build-and-smoke	Checkout	2025-11-26T05:46:14.5583962Z From https://github.com/opsvantagedigi/my-smart-wallets-app
build-and-smoke	Checkout	2025-11-26T05:46:14.5586232Z  * [new ref]         c979b12b1bf529e16c1aff72282a4c426ac426d9 -> origin/cleanup/cloudflare-deploy
build-and-smoke	Checkout	2025-11-26T05:46:14.5626468Z ##[endgroup]
build-and-smoke	Checkout	2025-11-26T05:46:14.5628467Z ##[group]Determining the checkout info
build-and-smoke	Checkout	2025-11-26T05:46:14.5630763Z ##[endgroup]
build-and-smoke	Checkout	2025-11-26T05:46:14.5633674Z [command]/usr/bin/git sparse-checkout disable
build-and-smoke	Checkout	2025-11-26T05:46:14.5681451Z [command]/usr/bin/git config --local --unset-all extensions.worktreeConfig
build-and-smoke	Checkout	2025-11-26T05:46:14.5711718Z ##[group]Checking out the ref
build-and-smoke	Checkout	2025-11-26T05:46:14.5716846Z [command]/usr/bin/git checkout --progress --force -B cleanup/cloudflare-deploy refs/remotes/origin/cleanup/cloudflare-deploy
build-and-smoke	Checkout	2025-11-26T05:46:14.6017433Z Switched to a new branch 'cleanup/cloudflare-deploy'
build-and-smoke	Checkout	2025-11-26T05:46:14.6019648Z branch 'cleanup/cloudflare-deploy' set up to track 'origin/cleanup/cloudflare-deploy'.
build-and-smoke	Checkout	2025-11-26T05:46:14.6028836Z ##[endgroup]
build-and-smoke	Checkout	2025-11-26T05:46:14.6067502Z [command]/usr/bin/git log -1 --format=%H
build-and-smoke	Checkout	2025-11-26T05:46:14.6090045Z c979b12b1bf529e16c1aff72282a4c426ac426d9
build-and-smoke	Setup Node 20	ï»¿2025-11-26T05:46:14.6382078Z ##[group]Run actions/setup-node@v4
build-and-smoke	Setup Node 20	2025-11-26T05:46:14.6383251Z with:
build-and-smoke	Setup Node 20	2025-11-26T05:46:14.6384061Z   node-version: 20
build-and-smoke	Setup Node 20	2025-11-26T05:46:14.6385009Z   always-auth: false
build-and-smoke	Setup Node 20	2025-11-26T05:46:14.6386112Z   check-latest: false
build-and-smoke	Setup Node 20	2025-11-26T05:46:14.6387364Z   token: ***
build-and-smoke	Setup Node 20	2025-11-26T05:46:14.6388494Z env:
build-and-smoke	Setup Node 20	2025-11-26T05:46:14.6390027Z   NEXT_PUBLIC_RPC_URL: ***
build-and-smoke	Setup Node 20	2025-11-26T05:46:14.6391023Z ##[endgroup]
build-and-smoke	Setup Node 20	2025-11-26T05:46:14.8306985Z Found in cache @ /opt/hostedtoolcache/node/20.19.5/x64
build-and-smoke	Setup Node 20	2025-11-26T05:46:14.8312932Z ##[group]Environment details
build-and-smoke	Setup Node 20	2025-11-26T05:46:16.2116087Z node: v20.19.5
build-and-smoke	Setup Node 20	2025-11-26T05:46:16.2116699Z npm: 10.8.2
build-and-smoke	Setup Node 20	2025-11-26T05:46:16.2117088Z yarn: 1.22.22
build-and-smoke	Setup Node 20	2025-11-26T05:46:16.2119288Z ##[endgroup]
build-and-smoke	Install dependencies	ï»¿2025-11-26T05:46:16.2222532Z ##[group]Run npm ci
build-and-smoke	Install dependencies	2025-11-26T05:46:16.2222886Z [36;1mnpm ci[0m
build-and-smoke	Install dependencies	2025-11-26T05:46:16.2270851Z shell: /usr/bin/bash -e {0}
build-and-smoke	Install dependencies	2025-11-26T05:46:16.2271161Z env:
build-and-smoke	Install dependencies	2025-11-26T05:46:16.2271762Z   NEXT_PUBLIC_RPC_URL: ***
build-and-smoke	Install dependencies	2025-11-26T05:46:16.2272033Z ##[endgroup]
build-and-smoke	Install dependencies	2025-11-26T05:46:19.5914505Z npm warn ERESOLVE overriding peer dependency
build-and-smoke	Install dependencies	2025-11-26T05:46:19.5915547Z npm warn While resolving: qrcode.react@1.0.1
build-and-smoke	Install dependencies	2025-11-26T05:46:19.5916560Z npm warn Found: react@18.3.1
build-and-smoke	Install dependencies	2025-11-26T05:46:19.5917092Z npm warn node_modules/react
build-and-smoke	Install dependencies	2025-11-26T05:46:19.5917698Z npm warn   react@"18.3.1" from the root project
build-and-smoke	Install dependencies	2025-11-26T05:46:19.5918557Z npm warn   99 more (@account-kit/react, zustand, zustand, ...)
build-and-smoke	Install dependencies	2025-11-26T05:46:19.5919201Z npm warn
build-and-smoke	Install dependencies	2025-11-26T05:46:19.5919679Z npm warn Could not resolve dependency:
build-and-smoke	Install dependencies	2025-11-26T05:46:19.5920466Z npm warn peer react@"^15.5.3 || ^16.0.0 || ^17.0.0" from qrcode.react@1.0.1
build-and-smoke	Install dependencies	2025-11-26T05:46:19.5921338Z npm warn node_modules/@keystonehq/sdk/node_modules/qrcode.react
build-and-smoke	Install dependencies	2025-11-26T05:46:19.5922127Z npm warn   qrcode.react@"^1.0.1" from @keystonehq/sdk@0.19.2
build-and-smoke	Install dependencies	2025-11-26T05:46:19.5922831Z npm warn   node_modules/@keystonehq/sdk
build-and-smoke	Install dependencies	2025-11-26T05:46:19.5923288Z npm warn
build-and-smoke	Install dependencies	2025-11-26T05:46:19.5923807Z npm warn Conflicting peer dependency: react@17.0.2
build-and-smoke	Install dependencies	2025-11-26T05:46:19.5924370Z npm warn node_modules/react
build-and-smoke	Install dependencies	2025-11-26T05:46:19.5925084Z npm warn   peer react@"^15.5.3 || ^16.0.0 || ^17.0.0" from qrcode.react@1.0.1
build-and-smoke	Install dependencies	2025-11-26T05:46:19.5926272Z npm warn   node_modules/@keystonehq/sdk/node_modules/qrcode.react
build-and-smoke	Install dependencies	2025-11-26T05:46:19.5927128Z npm warn     qrcode.react@"^1.0.1" from @keystonehq/sdk@0.19.2
build-and-smoke	Install dependencies	2025-11-26T05:46:19.5927829Z npm warn     node_modules/@keystonehq/sdk
build-and-smoke	Install dependencies	2025-11-26T05:46:19.8879671Z npm warn ERESOLVE overriding peer dependency
build-and-smoke	Install dependencies	2025-11-26T05:46:19.8880704Z npm warn While resolving: react-qr-reader@2.2.1
build-and-smoke	Install dependencies	2025-11-26T05:46:19.8881248Z npm warn Found: react@18.3.1
build-and-smoke	Install dependencies	2025-11-26T05:46:19.8881744Z npm warn node_modules/react
build-and-smoke	Install dependencies	2025-11-26T05:46:19.8882315Z npm warn   react@"18.3.1" from the root project
build-and-smoke	Install dependencies	2025-11-26T05:46:19.8883097Z npm warn   99 more (@account-kit/react, zustand, zustand, ...)
build-and-smoke	Install dependencies	2025-11-26T05:46:19.8883635Z npm warn
build-and-smoke	Install dependencies	2025-11-26T05:46:19.8886001Z npm warn Could not resolve dependency:
build-and-smoke	Install dependencies	2025-11-26T05:46:19.8886645Z npm warn peer react@"~16" from react-qr-reader@2.2.1
build-and-smoke	Install dependencies	2025-11-26T05:46:19.8887410Z npm warn node_modules/@keystonehq/sdk/node_modules/react-qr-reader
build-and-smoke	Install dependencies	2025-11-26T05:46:19.8888190Z npm warn   react-qr-reader@"^2.2.1" from @keystonehq/sdk@0.19.2
build-and-smoke	Install dependencies	2025-11-26T05:46:19.8888793Z npm warn   node_modules/@keystonehq/sdk
build-and-smoke	Install dependencies	2025-11-26T05:46:19.8889185Z npm warn
build-and-smoke	Install dependencies	2025-11-26T05:46:19.8889663Z npm warn Conflicting peer dependency: react@16.14.0
build-and-smoke	Install dependencies	2025-11-26T05:46:19.8890152Z npm warn node_modules/react
build-and-smoke	Install dependencies	2025-11-26T05:46:19.8890711Z npm warn   peer react@"~16" from react-qr-reader@2.2.1
build-and-smoke	Install dependencies	2025-11-26T05:46:19.8891490Z npm warn   node_modules/@keystonehq/sdk/node_modules/react-qr-reader
build-and-smoke	Install dependencies	2025-11-26T05:46:19.8892282Z npm warn     react-qr-reader@"^2.2.1" from @keystonehq/sdk@0.19.2
build-and-smoke	Install dependencies	2025-11-26T05:46:19.8892923Z npm warn     node_modules/@keystonehq/sdk
build-and-smoke	Install dependencies	2025-11-26T05:46:19.9085243Z npm warn ERESOLVE overriding peer dependency
build-and-smoke	Install dependencies	2025-11-26T05:46:19.9090070Z npm warn While resolving: react-qr-reader@2.2.1
build-and-smoke	Install dependencies	2025-11-26T05:46:19.9090718Z npm warn Found: react-dom@18.3.1
build-and-smoke	Install dependencies	2025-11-26T05:46:19.9091237Z npm warn node_modules/react-dom
build-and-smoke	Install dependencies	2025-11-26T05:46:19.9091809Z npm warn   react-dom@"18.3.1" from the root project
build-and-smoke	Install dependencies	2025-11-26T05:46:19.9092519Z npm warn   31 more (@account-kit/react, @dnd-kit/core, ...)
build-and-smoke	Install dependencies	2025-11-26T05:46:19.9093033Z npm warn
build-and-smoke	Install dependencies	2025-11-26T05:46:19.9093453Z npm warn Could not resolve dependency:
build-and-smoke	Install dependencies	2025-11-26T05:46:19.9094535Z npm warn peer react-dom@"~16" from react-qr-reader@2.2.1
build-and-smoke	Install dependencies	2025-11-26T05:46:19.9095326Z npm warn node_modules/@keystonehq/sdk/node_modules/react-qr-reader
build-and-smoke	Install dependencies	2025-11-26T05:46:19.9096457Z npm warn   react-qr-reader@"^2.2.1" from @keystonehq/sdk@0.19.2
build-and-smoke	Install dependencies	2025-11-26T05:46:19.9097098Z npm warn   node_modules/@keystonehq/sdk
build-and-smoke	Install dependencies	2025-11-26T05:46:19.9097504Z npm warn
build-and-smoke	Install dependencies	2025-11-26T05:46:19.9098007Z npm warn Conflicting peer dependency: react-dom@16.14.0
build-and-smoke	Install dependencies	2025-11-26T05:46:19.9098915Z npm warn node_modules/react-dom
build-and-smoke	Install dependencies	2025-11-26T05:46:19.9099511Z npm warn   peer react-dom@"~16" from react-qr-reader@2.2.1
build-and-smoke	Install dependencies	2025-11-26T05:46:19.9100305Z npm warn   node_modules/@keystonehq/sdk/node_modules/react-qr-reader
build-and-smoke	Install dependencies	2025-11-26T05:46:19.9101114Z npm warn     react-qr-reader@"^2.2.1" from @keystonehq/sdk@0.19.2
build-and-smoke	Install dependencies	2025-11-26T05:46:19.9101789Z npm warn     node_modules/@keystonehq/sdk
build-and-smoke	Install dependencies	2025-11-26T05:46:24.1208097Z npm warn deprecated yaeti@0.0.6: Package no longer supported. Contact Support at https://www.npmjs.com/support for more info.
build-and-smoke	Install dependencies	2025-11-26T05:46:24.5136297Z npm warn deprecated uuidv4@6.2.13: Package no longer supported. Contact Support at https://www.npmjs.com/support for more info.
build-and-smoke	Install dependencies	2025-11-26T05:46:25.7572405Z npm warn deprecated rimraf@3.0.2: Rimraf versions prior to v4 are no longer supported
build-and-smoke	Install dependencies	2025-11-26T05:46:27.0110733Z npm warn deprecated lodash.isequal@4.5.0: This package is deprecated. Use require('node:util').isDeepStrictEqual instead.
build-and-smoke	Install dependencies	2025-11-26T05:46:27.8022293Z npm warn deprecated inflight@1.0.6: This module is not supported, and leaks memory. Do not use it. Check out lru-cache if you want a good and tested way to coalesce async requests by a key value, which is much more comprehensive and powerful.
build-and-smoke	Install dependencies	2025-11-26T05:46:28.1626541Z npm warn deprecated get-random-values-esm@1.0.2: use crypto.getRandomValues() instead
build-and-smoke	Install dependencies	2025-11-26T05:46:34.3224350Z npm warn deprecated @toruslabs/solana-embed@2.1.0: This sdk is now deprecated. Please use @web3auth/ws-embed instead
build-and-smoke	Install dependencies	2025-11-26T05:46:35.0095929Z npm warn deprecated @paulmillr/qr@0.2.1: The package is now available as "qr": npm install qr
build-and-smoke	Install dependencies	2025-11-26T05:46:35.2831238Z npm warn deprecated @humanwhocodes/object-schema@2.0.3: Use @eslint/object-schema instead
build-and-smoke	Install dependencies	2025-11-26T05:46:35.3616375Z npm warn deprecated @humanwhocodes/config-array@0.13.0: Use @eslint/config-array instead
build-and-smoke	Install dependencies	2025-11-26T05:46:37.9546080Z npm warn deprecated glob@7.2.3: Glob versions prior to v9 are no longer supported
build-and-smoke	Install dependencies	2025-11-26T05:46:38.2603458Z npm warn deprecated glob@7.2.3: Glob versions prior to v9 are no longer supported
build-and-smoke	Install dependencies	2025-11-26T05:46:39.0765501Z npm warn deprecated @walletconnect/sign-client@2.21.1: Reliability and performance improvements. See: https://github.com/WalletConnect/walletconnect-monorepo/releases
build-and-smoke	Install dependencies	2025-11-26T05:46:40.2155920Z npm warn deprecated @walletconnect/universal-provider@2.21.1: Reliability and performance improvements. See: https://github.com/WalletConnect/walletconnect-monorepo/releases
build-and-smoke	Install dependencies	2025-11-26T05:46:41.3327429Z npm warn deprecated glob@7.2.3: Glob versions prior to v9 are no longer supported
build-and-smoke	Install dependencies	2025-11-26T05:46:42.0862710Z npm warn deprecated glob@7.2.3: Glob versions prior to v9 are no longer supported
build-and-smoke	Install dependencies	2025-11-26T05:46:42.3349674Z npm warn deprecated glob@7.2.3: Glob versions prior to v9 are no longer supported
build-and-smoke	Install dependencies	2025-11-26T05:46:42.5954783Z npm warn deprecated glob@7.2.3: Glob versions prior to v9 are no longer supported
build-and-smoke	Install dependencies	2025-11-26T05:46:44.3208663Z npm warn deprecated glob@7.2.3: Glob versions prior to v9 are no longer supported
build-and-smoke	Install dependencies	2025-11-26T05:46:46.5883318Z npm warn deprecated glob@7.2.3: Glob versions prior to v9 are no longer supported
build-and-smoke	Install dependencies	2025-11-26T05:46:49.2671353Z npm warn deprecated @walletconnect/ethereum-provider@2.21.1: Reliability and performance improvements. See: https://github.com/WalletConnect/walletconnect-monorepo/releases
build-and-smoke	Install dependencies	2025-11-26T05:46:52.1274580Z npm warn deprecated @walletconnect/sign-client@2.19.0: Reliability and performance improvements. See: https://github.com/WalletConnect/walletconnect-monorepo/releases
build-and-smoke	Install dependencies	2025-11-26T05:46:52.1288079Z npm warn deprecated @walletconnect/sign-client@2.19.1: Reliability and performance improvements. See: https://github.com/WalletConnect/walletconnect-monorepo/releases
build-and-smoke	Install dependencies	2025-11-26T05:46:52.2000878Z npm warn deprecated @walletconnect/sign-client@2.19.1: Reliability and performance improvements. See: https://github.com/WalletConnect/walletconnect-monorepo/releases
build-and-smoke	Install dependencies	2025-11-26T05:46:52.2689752Z npm warn deprecated @walletconnect/sign-client@2.19.1: Reliability and performance improvements. See: https://github.com/WalletConnect/walletconnect-monorepo/releases
build-and-smoke	Install dependencies	2025-11-26T05:46:52.3534499Z npm warn deprecated @walletconnect/sign-client@2.21.0: Reliability and performance improvements. See: https://github.com/WalletConnect/walletconnect-monorepo/releases
build-and-smoke	Install dependencies	2025-11-26T05:46:52.5047890Z npm warn deprecated @walletconnect/sign-client@2.21.0: Reliability and performance improvements. See: https://github.com/WalletConnect/walletconnect-monorepo/releases
build-and-smoke	Install dependencies	2025-11-26T05:46:52.6422019Z npm warn deprecated @walletconnect/sign-client@2.21.0: Reliability and performance improvements. See: https://github.com/WalletConnect/walletconnect-monorepo/releases
build-and-smoke	Install dependencies	2025-11-26T05:46:52.7672180Z npm warn deprecated @walletconnect/universal-provider@2.19.1: Reliability and performance improvements. See: https://github.com/WalletConnect/walletconnect-monorepo/releases
build-and-smoke	Install dependencies	2025-11-26T05:46:52.8437338Z npm warn deprecated @walletconnect/universal-provider@2.19.1: Reliability and performance improvements. See: https://github.com/WalletConnect/walletconnect-monorepo/releases
build-and-smoke	Install dependencies	2025-11-26T05:46:52.8439721Z npm warn deprecated @walletconnect/universal-provider@2.19.1: Reliability and performance improvements. See: https://github.com/WalletConnect/walletconnect-monorepo/releases
build-and-smoke	Install dependencies	2025-11-26T05:46:53.0111055Z npm warn deprecated @walletconnect/universal-provider@2.21.0: Reliability and performance improvements. See: https://github.com/WalletConnect/walletconnect-monorepo/releases
build-and-smoke	Install dependencies	2025-11-26T05:46:53.0855125Z npm warn deprecated @walletconnect/universal-provider@2.21.0: Reliability and performance improvements. See: https://github.com/WalletConnect/walletconnect-monorepo/releases
build-and-smoke	Install dependencies	2025-11-26T05:46:53.0857986Z npm warn deprecated @walletconnect/universal-provider@2.21.0: Reliability and performance improvements. See: https://github.com/WalletConnect/walletconnect-monorepo/releases
build-and-smoke	Install dependencies	2025-11-26T05:46:53.1663424Z npm warn deprecated @walletconnect/universal-provider@2.19.0: Reliability and performance improvements. See: https://github.com/WalletConnect/walletconnect-monorepo/releases
build-and-smoke	Install dependencies	2025-11-26T05:46:54.7427775Z npm warn deprecated eslint@8.57.1: This version is no longer supported. Please see https://eslint.org/version-support for other options.
build-and-smoke	Install dependencies	2025-11-26T05:48:10.5979123Z 
build-and-smoke	Install dependencies	2025-11-26T05:48:10.5979950Z added 2839 packages, and audited 2840 packages in 2m
build-and-smoke	Install dependencies	2025-11-26T05:48:10.5981860Z 
build-and-smoke	Install dependencies	2025-11-26T05:48:10.5982729Z 400 packages are looking for funding
build-and-smoke	Install dependencies	2025-11-26T05:48:10.5983303Z   run `npm fund` for details
build-and-smoke	Install dependencies	2025-11-26T05:48:10.7178465Z 
build-and-smoke	Install dependencies	2025-11-26T05:48:10.7179463Z 14 high severity vulnerabilities
build-and-smoke	Install dependencies	2025-11-26T05:48:10.7179868Z 
build-and-smoke	Install dependencies	2025-11-26T05:48:10.7180219Z To address issues that do not require attention, run:
build-and-smoke	Install dependencies	2025-11-26T05:48:10.7180736Z   npm audit fix
build-and-smoke	Install dependencies	2025-11-26T05:48:10.7180930Z 
build-and-smoke	Install dependencies	2025-11-26T05:48:10.7181355Z To address all issues possible (including breaking changes), run:
build-and-smoke	Install dependencies	2025-11-26T05:48:10.7181968Z   npm audit fix --force
build-and-smoke	Install dependencies	2025-11-26T05:48:10.7182209Z 
build-and-smoke	Install dependencies	2025-11-26T05:48:10.7182524Z Some issues need review, and may require choosing
build-and-smoke	Install dependencies	2025-11-26T05:48:10.7183088Z a different dependency.
build-and-smoke	Install dependencies	2025-11-26T05:48:10.7183337Z 
build-and-smoke	Install dependencies	2025-11-26T05:48:10.7183523Z Run `npm audit` for details.
build-and-smoke	Build	ï»¿2025-11-26T05:48:10.8154357Z ##[group]Run npm run build
build-and-smoke	Build	2025-11-26T05:48:10.8154629Z [36;1mnpm run build[0m
build-and-smoke	Build	2025-11-26T05:48:10.8190833Z shell: /usr/bin/bash -e {0}
build-and-smoke	Build	2025-11-26T05:48:10.8191183Z env:
build-and-smoke	Build	2025-11-26T05:48:10.8191828Z   NEXT_PUBLIC_RPC_URL: ***
build-and-smoke	Build	2025-11-26T05:48:10.8192156Z ##[endgroup]
build-and-smoke	Build	2025-11-26T05:48:10.9359841Z 
build-and-smoke	Build	2025-11-26T05:48:10.9360495Z > ui-components-qs-nextjs@0.1.0 build
build-and-smoke	Build	2025-11-26T05:48:10.9361035Z > next build
build-and-smoke	Build	2025-11-26T05:48:10.9361545Z 
build-and-smoke	Build	2025-11-26T05:48:11.4928779Z âš  No build cache found. Please configure build caching for faster rebuilds. Read more: https://nextjs.org/docs/messages/no-cache
build-and-smoke	Build	2025-11-26T05:48:11.5043524Z Attention: Next.js now collects completely anonymous telemetry regarding usage.
build-and-smoke	Build	2025-11-26T05:48:11.5044581Z This information is used to shape Next.js' roadmap and prioritize features.
build-and-smoke	Build	2025-11-26T05:48:11.5046242Z You can learn more, including how to opt-out if you'd not like to participate in this anonymous program, by visiting the following URL:
build-and-smoke	Build	2025-11-26T05:48:11.5047235Z https://nextjs.org/telemetry
build-and-smoke	Build	2025-11-26T05:48:11.5047636Z 
build-and-smoke	Build	2025-11-26T05:48:11.5360593Z    â–² Next.js 16.0.4 (Turbopack)
build-and-smoke	Build	2025-11-26T05:48:11.5361051Z 
build-and-smoke	Build	2025-11-26T05:48:11.6206129Z    Creating an optimized production build ...
build-and-smoke	Build	2025-11-26T05:48:18.2673436Z  âœ“ Compiled successfully in 6.3s
build-and-smoke	Build	2025-11-26T05:48:18.2816796Z    Running TypeScript ...
build-and-smoke	Build	2025-11-26T05:48:27.1899972Z    Collecting page data using 3 workers ...
build-and-smoke	Build	2025-11-26T05:48:27.6614689Z    Generating static pages using 3 workers (0/5) ...
build-and-smoke	Build	2025-11-26T05:48:28.1610282Z    Generating static pages using 3 workers (1/5) 
build-and-smoke	Build	2025-11-26T05:48:28.1623988Z    Generating static pages using 3 workers (2/5) 
build-and-smoke	Build	2025-11-26T05:48:28.1626444Z    Generating static pages using 3 workers (3/5) 
build-and-smoke	Build	2025-11-26T05:48:28.1628744Z  âœ“ Generating static pages using 3 workers (5/5) in 501.5ms
build-and-smoke	Build	2025-11-26T05:48:28.1749456Z    Finalizing page optimization ...
build-and-smoke	Build	2025-11-26T05:48:28.4510220Z 
build-and-smoke	Build	2025-11-26T05:48:28.4529727Z Route (app)
build-and-smoke	Build	2025-11-26T05:48:28.4530467Z â”Œ â—‹ /
build-and-smoke	Build	2025-11-26T05:48:28.4530929Z â”œ â—‹ /_not-found
build-and-smoke	Build	2025-11-26T05:48:28.4531369Z â”” â—‹ /contact
build-and-smoke	Build	2025-11-26T05:48:28.4531562Z 
build-and-smoke	Build	2025-11-26T05:48:28.4531576Z 
build-and-smoke	Build	2025-11-26T05:48:28.4531966Z â—‹  (Static)  prerendered as static content
build-and-smoke	Build	2025-11-26T05:48:28.4532332Z 
build-and-smoke	Start CI mock server	ï»¿2025-11-26T05:48:28.4930061Z ##[group]Run nohup npm run ci-mock > ci-mock.log 2>&1 &
build-and-smoke	Start CI mock server	2025-11-26T05:48:28.4930670Z [36;1mnohup npm run ci-mock > ci-mock.log 2>&1 &[0m
build-and-smoke	Start CI mock server	2025-11-26T05:48:28.4931117Z [36;1msleep 3[0m
build-and-smoke	Start CI mock server	2025-11-26T05:48:28.4969319Z shell: /usr/bin/bash -e {0}
build-and-smoke	Start CI mock server	2025-11-26T05:48:28.4969552Z env:
build-and-smoke	Start CI mock server	2025-11-26T05:48:28.4970023Z   NEXT_PUBLIC_RPC_URL: ***
build-and-smoke	Start CI mock server	2025-11-26T05:48:28.4970238Z ##[endgroup]
build-and-smoke	Run smoke test	ï»¿2025-11-26T05:48:31.5102971Z ##[group]Run npm run smoke
build-and-smoke	Run smoke test	2025-11-26T05:48:31.5103246Z [36;1mnpm run smoke[0m
build-and-smoke	Run smoke test	2025-11-26T05:48:31.5136252Z shell: /usr/bin/bash -e {0}
build-and-smoke	Run smoke test	2025-11-26T05:48:31.5136472Z env:
build-and-smoke	Run smoke test	2025-11-26T05:48:31.5137041Z   NEXT_PUBLIC_RPC_URL: ***
build-and-smoke	Run smoke test	2025-11-26T05:48:31.5137253Z ##[endgroup]
build-and-smoke	Run smoke test	2025-11-26T05:48:31.6246216Z 
build-and-smoke	Run smoke test	2025-11-26T05:48:31.6246808Z > ui-components-qs-nextjs@0.1.0 smoke
build-and-smoke	Run smoke test	2025-11-26T05:48:31.6247396Z > node scripts/smoke-check.js
build-and-smoke	Run smoke test	2025-11-26T05:48:31.6247679Z 
build-and-smoke	Run smoke test	2025-11-26T05:48:31.6986964Z tier: 200 { tier: 'free' }
build-and-smoke	Run smoke test	2025-11-26T05:48:32.3408322Z rpc status: 503 no-json
build-and-smoke	Stop CI mock server	ï»¿2025-11-26T05:48:32.3536163Z ##[group]Run npm run ci-mock-stop || true
build-and-smoke	Stop CI mock server	2025-11-26T05:48:32.3536499Z [36;1mnpm run ci-mock-stop || true[0m
build-and-smoke	Stop CI mock server	2025-11-26T05:48:32.3568709Z shell: /usr/bin/bash -e {0}
build-and-smoke	Stop CI mock server	2025-11-26T05:48:32.3568948Z env:
build-and-smoke	Stop CI mock server	2025-11-26T05:48:32.3569394Z   NEXT_PUBLIC_RPC_URL: ***
build-and-smoke	Stop CI mock server	2025-11-26T05:48:32.3569603Z ##[endgroup]
build-and-smoke	Stop CI mock server	2025-11-26T05:48:32.4665035Z 
build-and-smoke	Stop CI mock server	2025-11-26T05:48:32.4665838Z > ui-components-qs-nextjs@0.1.0 ci-mock-stop
build-and-smoke	Stop CI mock server	2025-11-26T05:48:32.4666584Z > pkill -f 'node ci/mock-server.js' || true
build-and-smoke	Stop CI mock server	2025-11-26T05:48:32.4666941Z 
build-and-smoke	Stop CI mock server	2025-11-26T05:48:32.4974234Z Terminated
build-and-smoke	Post Setup Node 20	ï»¿2025-11-26T05:48:32.5037884Z Post job cleanup.
build-and-smoke	Post Checkout	ï»¿2025-11-26T05:48:32.6704930Z Post job cleanup.
build-and-smoke	Post Checkout	2025-11-26T05:48:32.7739716Z [command]/usr/bin/git version
build-and-smoke	Post Checkout	2025-11-26T05:48:32.7782963Z git version 2.51.2
build-and-smoke	Post Checkout	2025-11-26T05:48:32.7830715Z Temporarily overriding HOME='/home/runner/work/_temp/f4b77286-724b-4c57-8be8-b8c3ebb75840' before making global git config changes
build-and-smoke	Post Checkout	2025-11-26T05:48:32.7831627Z Adding repository directory to the temporary git global config as a safe directory
build-and-smoke	Post Checkout	2025-11-26T05:48:32.7844667Z [command]/usr/bin/git config --global --add safe.directory /home/runner/work/my-smart-wallets-app/my-smart-wallets-app
build-and-smoke	Post Checkout	2025-11-26T05:48:32.7881252Z [command]/usr/bin/git config --local --name-only --get-regexp core\.sshCommand
build-and-smoke	Post Checkout	2025-11-26T05:48:32.7916049Z [command]/usr/bin/git submodule foreach --recursive sh -c "git config --local --name-only --get-regexp 'core\.sshCommand' && git config --local --unset-all 'core.sshCommand' || :"
build-and-smoke	Post Checkout	2025-11-26T05:48:32.8152425Z [command]/usr/bin/git config --local --name-only --get-regexp http\.https\:\/\/github\.com\/\.extraheader
build-and-smoke	Post Checkout	2025-11-26T05:48:32.8174717Z http.https://github.com/.extraheader
build-and-smoke	Post Checkout	2025-11-26T05:48:32.8187869Z [command]/usr/bin/git config --local --unset-all http.https://github.com/.extraheader
build-and-smoke	Post Checkout	2025-11-26T05:48:32.8220321Z [command]/usr/bin/git submodule foreach --recursive sh -c "git config --local --name-only --get-regexp 'http\.https\:\/\/github\.com\/\.extraheader' && git config --local --unset-all 'http.https://github.com/.extraheader' || :"
build-and-smoke	Post Checkout	2025-11-26T05:48:32.8452332Z [command]/usr/bin/git config --local --name-only --get-regexp ^includeIf\.gitdir:
build-and-smoke	Post Checkout	2025-11-26T05:48:32.8486161Z [command]/usr/bin/git submodule foreach --recursive git config --local --show-origin --name-only --get-regexp remote.origin.url
build-and-smoke	Complete job	ï»¿2025-11-26T05:48:32.8833634Z Cleaning up orphan processes
