Deploy Pages (Cloudflare)	Set up job	ï»¿2025-11-29T01:51:17.0756615Z Current runner version: '2.329.0'
Deploy Pages (Cloudflare)	Set up job	2025-11-29T01:51:17.0791426Z ##[group]Runner Image Provisioner
Deploy Pages (Cloudflare)	Set up job	2025-11-29T01:51:17.0792749Z Hosted Compute Agent
Deploy Pages (Cloudflare)	Set up job	2025-11-29T01:51:17.0793581Z Version: 20251016.436
Deploy Pages (Cloudflare)	Set up job	2025-11-29T01:51:17.0794717Z Commit: 8ab8ac8bfd662a3739dab9fe09456aba92132568
Deploy Pages (Cloudflare)	Set up job	2025-11-29T01:51:17.0795810Z Build Date: 2025-10-15T20:44:12Z
Deploy Pages (Cloudflare)	Set up job	2025-11-29T01:51:17.0796708Z ##[endgroup]
Deploy Pages (Cloudflare)	Set up job	2025-11-29T01:51:17.0797620Z ##[group]Operating System
Deploy Pages (Cloudflare)	Set up job	2025-11-29T01:51:17.0798430Z Ubuntu
Deploy Pages (Cloudflare)	Set up job	2025-11-29T01:51:17.0799116Z 24.04.3
Deploy Pages (Cloudflare)	Set up job	2025-11-29T01:51:17.0799876Z LTS
Deploy Pages (Cloudflare)	Set up job	2025-11-29T01:51:17.0800625Z ##[endgroup]
Deploy Pages (Cloudflare)	Set up job	2025-11-29T01:51:17.0801350Z ##[group]Runner Image
Deploy Pages (Cloudflare)	Set up job	2025-11-29T01:51:17.0802460Z Image: ubuntu-24.04
Deploy Pages (Cloudflare)	Set up job	2025-11-29T01:51:17.0803260Z Version: 20251112.124.1
Deploy Pages (Cloudflare)	Set up job	2025-11-29T01:51:17.0804991Z Included Software: https://github.com/actions/runner-images/blob/ubuntu24/20251112.124/images/ubuntu/Ubuntu2404-Readme.md
Deploy Pages (Cloudflare)	Set up job	2025-11-29T01:51:17.0807709Z Image Release: https://github.com/actions/runner-images/releases/tag/ubuntu24%2F20251112.124
Deploy Pages (Cloudflare)	Set up job	2025-11-29T01:51:17.0809960Z ##[endgroup]
Deploy Pages (Cloudflare)	Set up job	2025-11-29T01:51:17.0812027Z ##[group]GITHUB_TOKEN Permissions
Deploy Pages (Cloudflare)	Set up job	2025-11-29T01:51:17.0814788Z Contents: read
Deploy Pages (Cloudflare)	Set up job	2025-11-29T01:51:17.0815831Z Metadata: read
Deploy Pages (Cloudflare)	Set up job	2025-11-29T01:51:17.0816671Z Packages: read
Deploy Pages (Cloudflare)	Set up job	2025-11-29T01:51:17.0817566Z ##[endgroup]
Deploy Pages (Cloudflare)	Set up job	2025-11-29T01:51:17.0820420Z Secret source: Actions
Deploy Pages (Cloudflare)	Set up job	2025-11-29T01:51:17.0822104Z Prepare workflow directory
Deploy Pages (Cloudflare)	Set up job	2025-11-29T01:51:17.1276295Z Prepare all required actions
Deploy Pages (Cloudflare)	Set up job	2025-11-29T01:51:17.1331496Z Getting action download info
Deploy Pages (Cloudflare)	Set up job	2025-11-29T01:51:17.4347223Z Download action repository 'actions/checkout@v4' (SHA:34e114876b0b11c390a56381ad16ebd13914f8d5)
Deploy Pages (Cloudflare)	Set up job	2025-11-29T01:51:17.7290013Z Download action repository 'actions/setup-node@v4' (SHA:49933ea5288caeca8642d1e84afbd3f7d6820020)
Deploy Pages (Cloudflare)	Set up job	2025-11-29T01:51:17.8270098Z Download action repository 'cloudflare/pages-action@v1' (SHA:f0a1cd58cd66095dee69bfa18fa5efd1dde93bca)
Deploy Pages (Cloudflare)	Set up job	2025-11-29T01:51:18.3014821Z Complete job name: Deploy Pages (Cloudflare)
Deploy Pages (Cloudflare)	Checkout	ï»¿2025-11-29T01:51:18.3710303Z ##[group]Run actions/checkout@v4
Deploy Pages (Cloudflare)	Checkout	2025-11-29T01:51:18.3711263Z with:
Deploy Pages (Cloudflare)	Checkout	2025-11-29T01:51:18.3711942Z   repository: opsvantagedigi/my-smart-wallets-app
Deploy Pages (Cloudflare)	Checkout	2025-11-29T01:51:18.3712776Z   token: ***
Deploy Pages (Cloudflare)	Checkout	2025-11-29T01:51:18.3713196Z   ssh-strict: true
Deploy Pages (Cloudflare)	Checkout	2025-11-29T01:51:18.3713636Z   ssh-user: git
Deploy Pages (Cloudflare)	Checkout	2025-11-29T01:51:18.3714081Z   persist-credentials: true
Deploy Pages (Cloudflare)	Checkout	2025-11-29T01:51:18.3714579Z   clean: true
Deploy Pages (Cloudflare)	Checkout	2025-11-29T01:51:18.3715019Z   sparse-checkout-cone-mode: true
Deploy Pages (Cloudflare)	Checkout	2025-11-29T01:51:18.3715558Z   fetch-depth: 1
Deploy Pages (Cloudflare)	Checkout	2025-11-29T01:51:18.3715998Z   fetch-tags: false
Deploy Pages (Cloudflare)	Checkout	2025-11-29T01:51:18.3716437Z   show-progress: true
Deploy Pages (Cloudflare)	Checkout	2025-11-29T01:51:18.3716893Z   lfs: false
Deploy Pages (Cloudflare)	Checkout	2025-11-29T01:51:18.3717308Z   submodules: false
Deploy Pages (Cloudflare)	Checkout	2025-11-29T01:51:18.3717781Z   set-safe-directory: true
Deploy Pages (Cloudflare)	Checkout	2025-11-29T01:51:18.3718527Z ##[endgroup]
Deploy Pages (Cloudflare)	Checkout	2025-11-29T01:51:18.4788738Z Syncing repository: opsvantagedigi/my-smart-wallets-app
Deploy Pages (Cloudflare)	Checkout	2025-11-29T01:51:18.4790791Z ##[group]Getting Git version info
Deploy Pages (Cloudflare)	Checkout	2025-11-29T01:51:18.4792043Z Working directory is '/home/runner/work/my-smart-wallets-app/my-smart-wallets-app'
Deploy Pages (Cloudflare)	Checkout	2025-11-29T01:51:18.4793417Z [command]/usr/bin/git version
Deploy Pages (Cloudflare)	Checkout	2025-11-29T01:51:18.4939622Z git version 2.51.2
Deploy Pages (Cloudflare)	Checkout	2025-11-29T01:51:18.4966533Z ##[endgroup]
Deploy Pages (Cloudflare)	Checkout	2025-11-29T01:51:18.4989120Z Temporarily overriding HOME='/home/runner/work/_temp/f49e4187-50fd-4af2-9523-a908b18eca4f' before making global git config changes
Deploy Pages (Cloudflare)	Checkout	2025-11-29T01:51:18.4991451Z Adding repository directory to the temporary git global config as a safe directory
Deploy Pages (Cloudflare)	Checkout	2025-11-29T01:51:18.4994838Z [command]/usr/bin/git config --global --add safe.directory /home/runner/work/my-smart-wallets-app/my-smart-wallets-app
Deploy Pages (Cloudflare)	Checkout	2025-11-29T01:51:18.5032197Z Deleting the contents of '/home/runner/work/my-smart-wallets-app/my-smart-wallets-app'
Deploy Pages (Cloudflare)	Checkout	2025-11-29T01:51:18.5035776Z ##[group]Initializing the repository
Deploy Pages (Cloudflare)	Checkout	2025-11-29T01:51:18.5039788Z [command]/usr/bin/git init /home/runner/work/my-smart-wallets-app/my-smart-wallets-app
Deploy Pages (Cloudflare)	Checkout	2025-11-29T01:51:18.5153237Z hint: Using 'master' as the name for the initial branch. This default branch name
Deploy Pages (Cloudflare)	Checkout	2025-11-29T01:51:18.5154493Z hint: is subject to change. To configure the initial branch name to use in all
Deploy Pages (Cloudflare)	Checkout	2025-11-29T01:51:18.5155957Z hint: of your new repositories, which will suppress this warning, call:
Deploy Pages (Cloudflare)	Checkout	2025-11-29T01:51:18.5157259Z hint:
Deploy Pages (Cloudflare)	Checkout	2025-11-29T01:51:18.5158194Z hint: 	git config --global init.defaultBranch <name>
Deploy Pages (Cloudflare)	Checkout	2025-11-29T01:51:18.5158905Z hint:
Deploy Pages (Cloudflare)	Checkout	2025-11-29T01:51:18.5159576Z hint: Names commonly chosen instead of 'master' are 'main', 'trunk' and
Deploy Pages (Cloudflare)	Checkout	2025-11-29T01:51:18.5160623Z hint: 'development'. The just-created branch can be renamed via this command:
Deploy Pages (Cloudflare)	Checkout	2025-11-29T01:51:18.5161451Z hint:
Deploy Pages (Cloudflare)	Checkout	2025-11-29T01:51:18.5162358Z hint: 	git branch -m <name>
Deploy Pages (Cloudflare)	Checkout	2025-11-29T01:51:18.5162978Z hint:
Deploy Pages (Cloudflare)	Checkout	2025-11-29T01:51:18.5163689Z hint: Disable this message with "git config set advice.defaultBranchName false"
Deploy Pages (Cloudflare)	Checkout	2025-11-29T01:51:18.5164997Z Initialized empty Git repository in /home/runner/work/my-smart-wallets-app/my-smart-wallets-app/.git/
Deploy Pages (Cloudflare)	Checkout	2025-11-29T01:51:18.5168810Z [command]/usr/bin/git remote add origin https://github.com/opsvantagedigi/my-smart-wallets-app
Deploy Pages (Cloudflare)	Checkout	2025-11-29T01:51:18.5203317Z ##[endgroup]
Deploy Pages (Cloudflare)	Checkout	2025-11-29T01:51:18.5204197Z ##[group]Disabling automatic garbage collection
Deploy Pages (Cloudflare)	Checkout	2025-11-29T01:51:18.5207225Z [command]/usr/bin/git config --local gc.auto 0
Deploy Pages (Cloudflare)	Checkout	2025-11-29T01:51:18.5235617Z ##[endgroup]
Deploy Pages (Cloudflare)	Checkout	2025-11-29T01:51:18.5236381Z ##[group]Setting up auth
Deploy Pages (Cloudflare)	Checkout	2025-11-29T01:51:18.5242656Z [command]/usr/bin/git config --local --name-only --get-regexp core\.sshCommand
Deploy Pages (Cloudflare)	Checkout	2025-11-29T01:51:18.5272057Z [command]/usr/bin/git submodule foreach --recursive sh -c "git config --local --name-only --get-regexp 'core\.sshCommand' && git config --local --unset-all 'core.sshCommand' || :"
Deploy Pages (Cloudflare)	Checkout	2025-11-29T01:51:18.5598542Z [command]/usr/bin/git config --local --name-only --get-regexp http\.https\:\/\/github\.com\/\.extraheader
Deploy Pages (Cloudflare)	Checkout	2025-11-29T01:51:18.5628139Z [command]/usr/bin/git submodule foreach --recursive sh -c "git config --local --name-only --get-regexp 'http\.https\:\/\/github\.com\/\.extraheader' && git config --local --unset-all 'http.https://github.com/.extraheader' || :"
Deploy Pages (Cloudflare)	Checkout	2025-11-29T01:51:18.5849019Z [command]/usr/bin/git config --local --name-only --get-regexp ^includeIf\.gitdir:
Deploy Pages (Cloudflare)	Checkout	2025-11-29T01:51:18.5886023Z [command]/usr/bin/git submodule foreach --recursive git config --local --show-origin --name-only --get-regexp remote.origin.url
Deploy Pages (Cloudflare)	Checkout	2025-11-29T01:51:18.6108184Z [command]/usr/bin/git config --local http.https://github.com/.extraheader AUTHORIZATION: basic ***
Deploy Pages (Cloudflare)	Checkout	2025-11-29T01:51:18.6145110Z ##[endgroup]
Deploy Pages (Cloudflare)	Checkout	2025-11-29T01:51:18.6156634Z ##[group]Fetching the repository
Deploy Pages (Cloudflare)	Checkout	2025-11-29T01:51:18.6159540Z [command]/usr/bin/git -c protocol.version=2 fetch --no-tags --prune --no-recurse-submodules --depth=1 origin +a3d8172d37539de6e02230eb2b782232b12822c5:refs/remotes/origin/chore/remediate-sanity-secrets
Deploy Pages (Cloudflare)	Checkout	2025-11-29T01:51:18.9311621Z From https://github.com/opsvantagedigi/my-smart-wallets-app
Deploy Pages (Cloudflare)	Checkout	2025-11-29T01:51:18.9314182Z  * [new ref]         a3d8172d37539de6e02230eb2b782232b12822c5 -> origin/chore/remediate-sanity-secrets
Deploy Pages (Cloudflare)	Checkout	2025-11-29T01:51:18.9345614Z ##[endgroup]
Deploy Pages (Cloudflare)	Checkout	2025-11-29T01:51:18.9347538Z ##[group]Determining the checkout info
Deploy Pages (Cloudflare)	Checkout	2025-11-29T01:51:18.9349621Z ##[endgroup]
Deploy Pages (Cloudflare)	Checkout	2025-11-29T01:51:18.9353811Z [command]/usr/bin/git sparse-checkout disable
Deploy Pages (Cloudflare)	Checkout	2025-11-29T01:51:18.9396749Z [command]/usr/bin/git config --local --unset-all extensions.worktreeConfig
Deploy Pages (Cloudflare)	Checkout	2025-11-29T01:51:18.9422941Z ##[group]Checking out the ref
Deploy Pages (Cloudflare)	Checkout	2025-11-29T01:51:18.9427833Z [command]/usr/bin/git checkout --progress --force -B chore/remediate-sanity-secrets refs/remotes/origin/chore/remediate-sanity-secrets
Deploy Pages (Cloudflare)	Checkout	2025-11-29T01:51:18.9755158Z Switched to a new branch 'chore/remediate-sanity-secrets'
Deploy Pages (Cloudflare)	Checkout	2025-11-29T01:51:18.9758189Z branch 'chore/remediate-sanity-secrets' set up to track 'origin/chore/remediate-sanity-secrets'.
Deploy Pages (Cloudflare)	Checkout	2025-11-29T01:51:18.9768616Z ##[endgroup]
Deploy Pages (Cloudflare)	Checkout	2025-11-29T01:51:18.9805917Z [command]/usr/bin/git log -1 --format=%H
Deploy Pages (Cloudflare)	Checkout	2025-11-29T01:51:18.9827954Z a3d8172d37539de6e02230eb2b782232b12822c5
Deploy Pages (Cloudflare)	Setup Node	ï»¿2025-11-29T01:51:19.0125468Z ##[group]Run actions/setup-node@v4
Deploy Pages (Cloudflare)	Setup Node	2025-11-29T01:51:19.0126661Z with:
Deploy Pages (Cloudflare)	Setup Node	2025-11-29T01:51:19.0127483Z   node-version: 20
Deploy Pages (Cloudflare)	Setup Node	2025-11-29T01:51:19.0128398Z   always-auth: false
Deploy Pages (Cloudflare)	Setup Node	2025-11-29T01:51:19.0129529Z   check-latest: false
Deploy Pages (Cloudflare)	Setup Node	2025-11-29T01:51:19.0130757Z   token: ***
Deploy Pages (Cloudflare)	Setup Node	2025-11-29T01:51:19.0131616Z ##[endgroup]
Deploy Pages (Cloudflare)	Setup Node	2025-11-29T01:51:19.1973545Z Found in cache @ /opt/hostedtoolcache/node/20.19.5/x64
Deploy Pages (Cloudflare)	Setup Node	2025-11-29T01:51:19.1977817Z ##[group]Environment details
Deploy Pages (Cloudflare)	Setup Node	2025-11-29T01:51:21.5370916Z node: v20.19.5
Deploy Pages (Cloudflare)	Setup Node	2025-11-29T01:51:21.5372882Z npm: 10.8.2
Deploy Pages (Cloudflare)	Setup Node	2025-11-29T01:51:21.5373296Z yarn: 1.22.22
Deploy Pages (Cloudflare)	Setup Node	2025-11-29T01:51:21.5374555Z ##[endgroup]
Deploy Pages (Cloudflare)	Install deps for opsvantage-web	ï»¿2025-11-29T01:51:21.5490793Z ##[group]Run npm ci --prefix opsvantage-web
Deploy Pages (Cloudflare)	Install deps for opsvantage-web	2025-11-29T01:51:21.5491242Z [36;1mnpm ci --prefix opsvantage-web[0m
Deploy Pages (Cloudflare)	Install deps for opsvantage-web	2025-11-29T01:51:21.5537251Z shell: /usr/bin/bash -e {0}
Deploy Pages (Cloudflare)	Install deps for opsvantage-web	2025-11-29T01:51:21.5537585Z ##[endgroup]
Deploy Pages (Cloudflare)	Install deps for opsvantage-web	2025-11-29T01:51:25.4850295Z npm warn deprecated supertest@6.3.4: Please upgrade to supertest v7.1.3+, see release notes at https://github.com/forwardemail/supertest/releases/tag/v7.1.3 - maintenance is supported by Forward Email @ https://forwardemail.net
Deploy Pages (Cloudflare)	Install deps for opsvantage-web	2025-11-29T01:51:25.8526236Z npm warn deprecated rimraf@3.0.2: Rimraf versions prior to v4 are no longer supported
Deploy Pages (Cloudflare)	Install deps for opsvantage-web	2025-11-29T01:51:26.4470789Z npm warn deprecated inflight@1.0.6: This module is not supported, and leaks memory. Do not use it. Check out lru-cache if you want a good and tested way to coalesce async requests by a key value, which is much more comprehensive and powerful.
Deploy Pages (Cloudflare)	Install deps for opsvantage-web	2025-11-29T01:51:26.6394038Z npm warn deprecated superagent@8.1.2: Please upgrade to superagent v10.2.2+, see release notes at https://github.com/forwardemail/superagent/releases/tag/v10.2.2 - maintenance is supported by Forward Email @ https://forwardemail.net
Deploy Pages (Cloudflare)	Install deps for opsvantage-web	2025-11-29T01:51:27.5460755Z npm warn deprecated @humanwhocodes/object-schema@2.0.3: Use @eslint/object-schema instead
Deploy Pages (Cloudflare)	Install deps for opsvantage-web	2025-11-29T01:51:27.6187945Z npm warn deprecated @humanwhocodes/config-array@0.13.0: Use @eslint/config-array instead
Deploy Pages (Cloudflare)	Install deps for opsvantage-web	2025-11-29T01:51:27.9229449Z npm warn deprecated glob@7.2.3: Glob versions prior to v9 are no longer supported
Deploy Pages (Cloudflare)	Install deps for opsvantage-web	2025-11-29T01:51:27.9644629Z npm warn deprecated glob@7.2.3: Glob versions prior to v9 are no longer supported
Deploy Pages (Cloudflare)	Install deps for opsvantage-web	2025-11-29T01:51:27.9646768Z npm warn deprecated glob@7.2.3: Glob versions prior to v9 are no longer supported
Deploy Pages (Cloudflare)	Install deps for opsvantage-web	2025-11-29T01:51:27.9653976Z npm warn deprecated glob@7.2.3: Glob versions prior to v9 are no longer supported
Deploy Pages (Cloudflare)	Install deps for opsvantage-web	2025-11-29T01:51:28.0090980Z npm warn deprecated glob@7.2.3: Glob versions prior to v9 are no longer supported
Deploy Pages (Cloudflare)	Install deps for opsvantage-web	2025-11-29T01:51:29.2981050Z npm warn deprecated eslint@8.57.1: This version is no longer supported. Please see https://eslint.org/version-support for other options.
Deploy Pages (Cloudflare)	Install deps for opsvantage-web	2025-11-29T01:51:38.1207672Z 
Deploy Pages (Cloudflare)	Install deps for opsvantage-web	2025-11-29T01:51:38.1213144Z added 619 packages, and audited 620 packages in 17s
Deploy Pages (Cloudflare)	Install deps for opsvantage-web	2025-11-29T01:51:38.1217100Z 
Deploy Pages (Cloudflare)	Install deps for opsvantage-web	2025-11-29T01:51:38.1220112Z 173 packages are looking for funding
Deploy Pages (Cloudflare)	Install deps for opsvantage-web	2025-11-29T01:51:38.1222665Z   run `npm fund` for details
Deploy Pages (Cloudflare)	Install deps for opsvantage-web	2025-11-29T01:51:38.1703662Z 
Deploy Pages (Cloudflare)	Install deps for opsvantage-web	2025-11-29T01:51:38.1704391Z 3 high severity vulnerabilities
Deploy Pages (Cloudflare)	Install deps for opsvantage-web	2025-11-29T01:51:38.1704801Z 
Deploy Pages (Cloudflare)	Install deps for opsvantage-web	2025-11-29T01:51:38.1706040Z To address all issues (including breaking changes), run:
Deploy Pages (Cloudflare)	Install deps for opsvantage-web	2025-11-29T01:51:38.1706770Z   npm audit fix --force
Deploy Pages (Cloudflare)	Install deps for opsvantage-web	2025-11-29T01:51:38.1721573Z 
Deploy Pages (Cloudflare)	Install deps for opsvantage-web	2025-11-29T01:51:38.1723138Z Run `npm audit` for details.
Deploy Pages (Cloudflare)	Build opsvantage-web	ï»¿2025-11-29T01:51:38.2092511Z ##[group]Run npm run build --prefix opsvantage-web
Deploy Pages (Cloudflare)	Build opsvantage-web	2025-11-29T01:51:38.2093127Z [36;1mnpm run build --prefix opsvantage-web[0m
Deploy Pages (Cloudflare)	Build opsvantage-web	2025-11-29T01:51:38.2135444Z shell: /usr/bin/bash -e {0}
Deploy Pages (Cloudflare)	Build opsvantage-web	2025-11-29T01:51:38.2135820Z ##[endgroup]
Deploy Pages (Cloudflare)	Build opsvantage-web	2025-11-29T01:51:38.3422018Z 
Deploy Pages (Cloudflare)	Build opsvantage-web	2025-11-29T01:51:38.3422350Z > opsvantage-web@0.1.0 build
Deploy Pages (Cloudflare)	Build opsvantage-web	2025-11-29T01:51:38.3422745Z > next build
Deploy Pages (Cloudflare)	Build opsvantage-web	2025-11-29T01:51:38.3422935Z 
Deploy Pages (Cloudflare)	Build opsvantage-web	2025-11-29T01:51:38.9118180Z âš  No build cache found. Please configure build caching for faster rebuilds. Read more: https://nextjs.org/docs/messages/no-cache
Deploy Pages (Cloudflare)	Build opsvantage-web	2025-11-29T01:51:38.9270447Z Attention: Next.js now collects completely anonymous telemetry regarding usage.
Deploy Pages (Cloudflare)	Build opsvantage-web	2025-11-29T01:51:38.9276653Z This information is used to shape Next.js' roadmap and prioritize features.
Deploy Pages (Cloudflare)	Build opsvantage-web	2025-11-29T01:51:38.9278837Z You can learn more, including how to opt-out if you'd not like to participate in this anonymous program, by visiting the following URL:
Deploy Pages (Cloudflare)	Build opsvantage-web	2025-11-29T01:51:38.9280262Z https://nextjs.org/telemetry
Deploy Pages (Cloudflare)	Build opsvantage-web	2025-11-29T01:51:38.9280535Z 
Deploy Pages (Cloudflare)	Build opsvantage-web	2025-11-29T01:51:39.0320532Z   â–² Next.js 14.2.33
Deploy Pages (Cloudflare)	Build opsvantage-web	2025-11-29T01:51:39.0321222Z 
Deploy Pages (Cloudflare)	Build opsvantage-web	2025-11-29T01:51:39.0325855Z    Linting and checking validity of types ...
Deploy Pages (Cloudflare)	Build opsvantage-web	2025-11-29T01:51:41.6570295Z    Creating an optimized production build ...
Deploy Pages (Cloudflare)	Build opsvantage-web	2025-11-29T01:51:46.3159613Z Found 1 warning while optimizing generated CSS:
Deploy Pages (Cloudflare)	Build opsvantage-web	2025-11-29T01:51:46.3160152Z 
Deploy Pages (Cloudflare)	Build opsvantage-web	2025-11-29T01:51:46.3160885Z [2mâ”‚   opacity: 90%;[22m
Deploy Pages (Cloudflare)	Build opsvantage-web	2025-11-29T01:51:46.3161248Z [2mâ”‚ }[22m
Deploy Pages (Cloudflare)	Build opsvantage-web	2025-11-29T01:51:46.3162588Z [2mâ”‚[22m @import url('https://fonts.googleapis.com/css2?family=Inter:wght@300;400;600;700&family=Orbitron:wght@400;700;900&display=swap');
Deploy Pages (Cloudflare)	Build opsvantage-web	2025-11-29T01:51:46.3163979Z [2mâ”†[22m        [33m[2m^--[22m @import rules must precede all rules aside from @charset and @layer statements[39m
Deploy Pages (Cloudflare)	Build opsvantage-web	2025-11-29T01:51:46.3164608Z [2mâ”†[22m
Deploy Pages (Cloudflare)	Build opsvantage-web	2025-11-29T01:51:46.3164919Z [2mâ”‚ :root {[22m
Deploy Pages (Cloudflare)	Build opsvantage-web	2025-11-29T01:51:46.3165666Z [2mâ”‚   --brand-gradient: linear-gradient(90deg,#0f172a 0%,#10b981 50%,#fbbf24 100%);[22m
Deploy Pages (Cloudflare)	Build opsvantage-web	2025-11-29T01:51:46.3166147Z 
Deploy Pages (Cloudflare)	Build opsvantage-web	2025-11-29T01:51:49.1191159Z  âœ“ Compiled successfully
Deploy Pages (Cloudflare)	Build opsvantage-web	2025-11-29T01:51:49.1199124Z    Collecting page data ...
Deploy Pages (Cloudflare)	Build opsvantage-web	2025-11-29T01:51:49.7532250Z    Generating static pages (0/6) ...
Deploy Pages (Cloudflare)	Build opsvantage-web	2025-11-29T01:51:49.9863358Z    Generating static pages (1/6) 
Deploy Pages (Cloudflare)	Build opsvantage-web	2025-11-29T01:51:49.9864074Z    Generating static pages (2/6) 
Deploy Pages (Cloudflare)	Build opsvantage-web	2025-11-29T01:51:50.0114827Z    Generating static pages (4/6) 
Deploy Pages (Cloudflare)	Build opsvantage-web	2025-11-29T01:51:50.0501156Z  âœ“ Generating static pages (6/6)
Deploy Pages (Cloudflare)	Build opsvantage-web	2025-11-29T01:51:50.3734914Z    Finalizing page optimization ...
Deploy Pages (Cloudflare)	Build opsvantage-web	2025-11-29T01:51:50.3735418Z    Collecting build traces ...
Deploy Pages (Cloudflare)	Build opsvantage-web	2025-11-29T01:51:55.9868459Z  âš  Statically exporting a Next.js application via `next export` disables API routes and middleware.
Deploy Pages (Cloudflare)	Build opsvantage-web	2025-11-29T01:51:55.9869979Z This command is meant for static-only hosts, and is not necessary to make your application static.
Deploy Pages (Cloudflare)	Build opsvantage-web	2025-11-29T01:51:55.9872520Z Pages in your application without server-side data dependencies will be automatically statically exported by `next build`, including pages powered by `getStaticProps`.
Deploy Pages (Cloudflare)	Build opsvantage-web	2025-11-29T01:51:55.9874063Z Learn more: https://nextjs.org/docs/messages/api-routes-static-export
Deploy Pages (Cloudflare)	Build opsvantage-web	2025-11-29T01:51:56.1954925Z 
Deploy Pages (Cloudflare)	Build opsvantage-web	2025-11-29T01:51:56.2067545Z Route (pages)                             Size     First Load JS
Deploy Pages (Cloudflare)	Build opsvantage-web	2025-11-29T01:51:56.2068584Z â”Œ â—‹ /                                     3.11 kB        83.1 kB
Deploy Pages (Cloudflare)	Build opsvantage-web	2025-11-29T01:51:56.2069293Z â”œ   /_app                                 0 B              80 kB
Deploy Pages (Cloudflare)	Build opsvantage-web	2025-11-29T01:51:56.2069995Z â”œ â—‹ /404                                  180 B          80.2 kB
Deploy Pages (Cloudflare)	Build opsvantage-web	2025-11-29T01:51:56.2070710Z â”œ â—‹ /about                                546 B          80.5 kB
Deploy Pages (Cloudflare)	Build opsvantage-web	2025-11-29T01:51:56.2071468Z â”œ Æ’ /api/activity                         0 B              80 kB
Deploy Pages (Cloudflare)	Build opsvantage-web	2025-11-29T01:51:56.2072271Z â”œ Æ’ /api/balance                          0 B              80 kB
Deploy Pages (Cloudflare)	Build opsvantage-web	2025-11-29T01:51:56.2072922Z â”œ Æ’ /api/mint                             0 B              80 kB
Deploy Pages (Cloudflare)	Build opsvantage-web	2025-11-29T01:51:56.2073398Z â”œ â—‹ /dashboard                            1.31 kB         173 kB
Deploy Pages (Cloudflare)	Build opsvantage-web	2025-11-29T01:51:56.2073864Z â”” â—‹ /mint                                 1.28 kB         173 kB
Deploy Pages (Cloudflare)	Build opsvantage-web	2025-11-29T01:51:56.2074492Z + First Load JS shared by all             80.8 kB
Deploy Pages (Cloudflare)	Build opsvantage-web	2025-11-29T01:51:56.2074887Z   â”œ chunks/framework-64ad27b21261a9ce.js  44.8 kB
Deploy Pages (Cloudflare)	Build opsvantage-web	2025-11-29T01:51:56.2075394Z   â”œ chunks/main-6cf8209804096634.js       34 kB
Deploy Pages (Cloudflare)	Build opsvantage-web	2025-11-29T01:51:56.2075769Z   â”” other shared chunks (total)           1.94 kB
Deploy Pages (Cloudflare)	Build opsvantage-web	2025-11-29T01:51:56.2075951Z 
Deploy Pages (Cloudflare)	Build opsvantage-web	2025-11-29T01:51:56.2076142Z â—‹  (Static)   prerendered as static content
Deploy Pages (Cloudflare)	Build opsvantage-web	2025-11-29T01:51:56.2076511Z Æ’  (Dynamic)  server-rendered on demand
Deploy Pages (Cloudflare)	Build opsvantage-web	2025-11-29T01:51:56.2076693Z 
Deploy Pages (Cloudflare)	Deploy to Cloudflare Pages	ï»¿2025-11-29T01:51:56.2440289Z ##[group]Run cloudflare/pages-action@v1
Deploy Pages (Cloudflare)	Deploy to Cloudflare Pages	2025-11-29T01:51:56.2440577Z with:
Deploy Pages (Cloudflare)	Deploy to Cloudflare Pages	2025-11-29T01:51:56.2440933Z   apiToken: ***
Deploy Pages (Cloudflare)	Deploy to Cloudflare Pages	2025-11-29T01:51:56.2441142Z   projectName: my-smartwallets-web3-app
Deploy Pages (Cloudflare)	Deploy to Cloudflare Pages	2025-11-29T01:51:56.2441393Z   directory: .next
Deploy Pages (Cloudflare)	Deploy to Cloudflare Pages	2025-11-29T01:51:56.2441569Z   wranglerVersion: 2
Deploy Pages (Cloudflare)	Deploy to Cloudflare Pages	2025-11-29T01:51:56.2442082Z ##[endgroup]
Deploy Pages (Cloudflare)	Deploy to Cloudflare Pages	2025-11-29T01:51:56.3154884Z ##[error]Input required and not supplied: accountId
Deploy Pages (Cloudflare)	Post Checkout	ï»¿2025-11-29T01:51:56.3283979Z Post job cleanup.
Deploy Pages (Cloudflare)	Post Checkout	2025-11-29T01:51:56.4223396Z [command]/usr/bin/git version
Deploy Pages (Cloudflare)	Post Checkout	2025-11-29T01:51:56.4258748Z git version 2.51.2
Deploy Pages (Cloudflare)	Post Checkout	2025-11-29T01:51:56.4301861Z Temporarily overriding HOME='/home/runner/work/_temp/5172aa6c-b750-4d22-bee1-42963b540d48' before making global git config changes
Deploy Pages (Cloudflare)	Post Checkout	2025-11-29T01:51:56.4302853Z Adding repository directory to the temporary git global config as a safe directory
Deploy Pages (Cloudflare)	Post Checkout	2025-11-29T01:51:56.4307214Z [command]/usr/bin/git config --global --add safe.directory /home/runner/work/my-smart-wallets-app/my-smart-wallets-app
Deploy Pages (Cloudflare)	Post Checkout	2025-11-29T01:51:56.4341252Z [command]/usr/bin/git config --local --name-only --get-regexp core\.sshCommand
Deploy Pages (Cloudflare)	Post Checkout	2025-11-29T01:51:56.4373349Z [command]/usr/bin/git submodule foreach --recursive sh -c "git config --local --name-only --get-regexp 'core\.sshCommand' && git config --local --unset-all 'core.sshCommand' || :"
Deploy Pages (Cloudflare)	Post Checkout	2025-11-29T01:51:56.4598526Z [command]/usr/bin/git config --local --name-only --get-regexp http\.https\:\/\/github\.com\/\.extraheader
Deploy Pages (Cloudflare)	Post Checkout	2025-11-29T01:51:56.4620646Z http.https://github.com/.extraheader
Deploy Pages (Cloudflare)	Post Checkout	2025-11-29T01:51:56.4633099Z [command]/usr/bin/git config --local --unset-all http.https://github.com/.extraheader
Deploy Pages (Cloudflare)	Post Checkout	2025-11-29T01:51:56.4662481Z [command]/usr/bin/git submodule foreach --recursive sh -c "git config --local --name-only --get-regexp 'http\.https\:\/\/github\.com\/\.extraheader' && git config --local --unset-all 'http.https://github.com/.extraheader' || :"
Deploy Pages (Cloudflare)	Post Checkout	2025-11-29T01:51:56.4881299Z [command]/usr/bin/git config --local --name-only --get-regexp ^includeIf\.gitdir:
Deploy Pages (Cloudflare)	Post Checkout	2025-11-29T01:51:56.4911458Z [command]/usr/bin/git submodule foreach --recursive git config --local --show-origin --name-only --get-regexp remote.origin.url
Deploy Pages (Cloudflare)	Complete job	ï»¿2025-11-29T01:51:56.5230080Z Cleaning up orphan processes
