prepare	Set up job	¬¥‚ïó‚îê2025-11-27T09:57:59.3619423Z Current runner version: '2.329.0'
prepare	Set up job	2025-11-27T09:57:59.3643712Z ##[group]Runner Image Provisioner
prepare	Set up job	2025-11-27T09:57:59.3644679Z Hosted Compute Agent
prepare	Set up job	2025-11-27T09:57:59.3645207Z Version: 20251016.436
prepare	Set up job	2025-11-27T09:57:59.3645811Z Commit: 8ab8ac8bfd662a3739dab9fe09456aba92132568
prepare	Set up job	2025-11-27T09:57:59.3646571Z Build Date: 2025-10-15T20:44:12Z
prepare	Set up job	2025-11-27T09:57:59.3647145Z ##[endgroup]
prepare	Set up job	2025-11-27T09:57:59.3647713Z ##[group]Operating System
prepare	Set up job	2025-11-27T09:57:59.3648283Z Ubuntu
prepare	Set up job	2025-11-27T09:57:59.3648780Z 24.04.3
prepare	Set up job	2025-11-27T09:57:59.3649217Z LTS
prepare	Set up job	2025-11-27T09:57:59.3649706Z ##[endgroup]
prepare	Set up job	2025-11-27T09:57:59.3650172Z ##[group]Runner Image
prepare	Set up job	2025-11-27T09:57:59.3650747Z Image: ubuntu-24.04
prepare	Set up job	2025-11-27T09:57:59.3651488Z Version: 20251112.124.1
prepare	Set up job	2025-11-27T09:57:59.3652500Z Included Software: https://github.com/actions/runner-images/blob/ubuntu24/20251112.124/images/ubuntu/Ubuntu2404-Readme.md
prepare	Set up job	2025-11-27T09:57:59.3653886Z Image Release: https://github.com/actions/runner-images/releases/tag/ubuntu24%2F20251112.124
prepare	Set up job	2025-11-27T09:57:59.3655064Z ##[endgroup]
prepare	Set up job	2025-11-27T09:57:59.3656149Z ##[group]GITHUB_TOKEN Permissions
prepare	Set up job	2025-11-27T09:57:59.3658040Z Contents: read
prepare	Set up job	2025-11-27T09:57:59.3658587Z Metadata: read
prepare	Set up job	2025-11-27T09:57:59.3659081Z Packages: read
prepare	Set up job	2025-11-27T09:57:59.3659649Z ##[endgroup]
prepare	Set up job	2025-11-27T09:57:59.3661883Z Secret source: Actions
prepare	Set up job	2025-11-27T09:57:59.3662558Z Prepare workflow directory
prepare	Set up job	2025-11-27T09:57:59.3985572Z Prepare all required actions
prepare	Set up job	2025-11-27T09:57:59.4033609Z Getting action download info
prepare	Set up job	2025-11-27T09:57:59.8782932Z Download action repository 'actions/checkout@v4' (SHA:34e114876b0b11c390a56381ad16ebd13914f8d5)
prepare	Set up job	2025-11-27T09:58:00.6399512Z Download action repository 'actions/setup-node@v4' (SHA:49933ea5288caeca8642d1e84afbd3f7d6820020)
prepare	Set up job	2025-11-27T09:58:00.7300647Z Download action repository 'actions/upload-artifact@v4' (SHA:ea165f8d65b6e75b540449e92b4886f43607fa02)
prepare	Set up job	2025-11-27T09:58:00.9256113Z Complete job name: prepare
prepare	Checkout	¬¥‚ïó‚îê2025-11-27T09:58:00.9951610Z ##[group]Run actions/checkout@v4
prepare	Checkout	2025-11-27T09:58:00.9952582Z with:
prepare	Checkout	2025-11-27T09:58:00.9953114Z   repository: opsvantagedigi/my-smart-wallets-app
prepare	Checkout	2025-11-27T09:58:00.9953892Z   token: ***
prepare	Checkout	2025-11-27T09:58:00.9954301Z   ssh-strict: true
prepare	Checkout	2025-11-27T09:58:00.9954727Z   ssh-user: git
prepare	Checkout	2025-11-27T09:58:00.9955153Z   persist-credentials: true
prepare	Checkout	2025-11-27T09:58:00.9955638Z   clean: true
prepare	Checkout	2025-11-27T09:58:00.9956061Z   sparse-checkout-cone-mode: true
prepare	Checkout	2025-11-27T09:58:00.9956583Z   fetch-depth: 1
prepare	Checkout	2025-11-27T09:58:00.9956990Z   fetch-tags: false
prepare	Checkout	2025-11-27T09:58:00.9957426Z   show-progress: true
prepare	Checkout	2025-11-27T09:58:00.9957867Z   lfs: false
prepare	Checkout	2025-11-27T09:58:00.9958303Z   submodules: false
prepare	Checkout	2025-11-27T09:58:00.9958734Z   set-safe-directory: true
prepare	Checkout	2025-11-27T09:58:00.9959418Z ##[endgroup]
prepare	Checkout	2025-11-27T09:58:01.1036277Z Syncing repository: opsvantagedigi/my-smart-wallets-app
prepare	Checkout	2025-11-27T09:58:01.1038233Z ##[group]Getting Git version info
prepare	Checkout	2025-11-27T09:58:01.1039146Z Working directory is '/home/runner/work/my-smart-wallets-app/my-smart-wallets-app'
prepare	Checkout	2025-11-27T09:58:01.1040362Z [command]/usr/bin/git version
prepare	Checkout	2025-11-27T09:58:01.1122303Z git version 2.51.2
prepare	Checkout	2025-11-27T09:58:01.1148685Z ##[endgroup]
prepare	Checkout	2025-11-27T09:58:01.1168749Z Temporarily overriding HOME='/home/runner/work/_temp/92b8f64d-37d3-47ab-a970-198bc51f255e' before making global git config changes
prepare	Checkout	2025-11-27T09:58:01.1171322Z Adding repository directory to the temporary git global config as a safe directory
prepare	Checkout	2025-11-27T09:58:01.1174166Z [command]/usr/bin/git config --global --add safe.directory /home/runner/work/my-smart-wallets-app/my-smart-wallets-app
prepare	Checkout	2025-11-27T09:58:01.1210541Z Deleting the contents of '/home/runner/work/my-smart-wallets-app/my-smart-wallets-app'
prepare	Checkout	2025-11-27T09:58:01.1214185Z ##[group]Initializing the repository
prepare	Checkout	2025-11-27T09:58:01.1218052Z [command]/usr/bin/git init /home/runner/work/my-smart-wallets-app/my-smart-wallets-app
prepare	Checkout	2025-11-27T09:58:01.1379452Z hint: Using 'master' as the name for the initial branch. This default branch name
prepare	Checkout	2025-11-27T09:58:01.1380661Z hint: is subject to change. To configure the initial branch name to use in all
prepare	Checkout	2025-11-27T09:58:01.1382225Z hint: of your new repositories, which will suppress this warning, call:
prepare	Checkout	2025-11-27T09:58:01.1383130Z hint:
prepare	Checkout	2025-11-27T09:58:01.1384074Z hint: 	git config --global init.defaultBranch <name>
prepare	Checkout	2025-11-27T09:58:01.1385417Z hint:
prepare	Checkout	2025-11-27T09:58:01.1386516Z hint: Names commonly chosen instead of 'master' are 'main', 'trunk' and
prepare	Checkout	2025-11-27T09:58:01.1388228Z hint: 'development'. The just-created branch can be renamed via this command:
prepare	Checkout	2025-11-27T09:58:01.1389093Z hint:
prepare	Checkout	2025-11-27T09:58:01.1389518Z hint: 	git branch -m <name>
prepare	Checkout	2025-11-27T09:58:01.1390018Z hint:
prepare	Checkout	2025-11-27T09:58:01.1390696Z hint: Disable this message with "git config set advice.defaultBranchName false"
prepare	Checkout	2025-11-27T09:58:01.1392242Z Initialized empty Git repository in /home/runner/work/my-smart-wallets-app/my-smart-wallets-app/.git/
prepare	Checkout	2025-11-27T09:58:01.1398947Z [command]/usr/bin/git remote add origin https://github.com/opsvantagedigi/my-smart-wallets-app
prepare	Checkout	2025-11-27T09:58:01.1432014Z ##[endgroup]
prepare	Checkout	2025-11-27T09:58:01.1432824Z ##[group]Disabling automatic garbage collection
prepare	Checkout	2025-11-27T09:58:01.1435919Z [command]/usr/bin/git config --local gc.auto 0
prepare	Checkout	2025-11-27T09:58:01.1463338Z ##[endgroup]
prepare	Checkout	2025-11-27T09:58:01.1464081Z ##[group]Setting up auth
prepare	Checkout	2025-11-27T09:58:01.1470017Z [command]/usr/bin/git config --local --name-only --get-regexp core\.sshCommand
prepare	Checkout	2025-11-27T09:58:01.1499944Z [command]/usr/bin/git submodule foreach --recursive sh -c "git config --local --name-only --get-regexp 'core\.sshCommand' && git config --local --unset-all 'core.sshCommand' || :"
prepare	Checkout	2025-11-27T09:58:01.1869609Z [command]/usr/bin/git config --local --name-only --get-regexp http\.https\:\/\/github\.com\/\.extraheader
prepare	Checkout	2025-11-27T09:58:01.1900518Z [command]/usr/bin/git submodule foreach --recursive sh -c "git config --local --name-only --get-regexp 'http\.https\:\/\/github\.com\/\.extraheader' && git config --local --unset-all 'http.https://github.com/.extraheader' || :"
prepare	Checkout	2025-11-27T09:58:01.2115985Z [command]/usr/bin/git config --local --name-only --get-regexp ^includeIf\.gitdir:
prepare	Checkout	2025-11-27T09:58:01.2147991Z [command]/usr/bin/git submodule foreach --recursive git config --local --show-origin --name-only --get-regexp remote.origin.url
prepare	Checkout	2025-11-27T09:58:01.2367582Z [command]/usr/bin/git config --local http.https://github.com/.extraheader AUTHORIZATION: basic ***
prepare	Checkout	2025-11-27T09:58:01.2415514Z ##[endgroup]
prepare	Checkout	2025-11-27T09:58:01.2416984Z ##[group]Fetching the repository
prepare	Checkout	2025-11-27T09:58:01.2425943Z [command]/usr/bin/git -c protocol.version=2 fetch --no-tags --prune --no-recurse-submodules --depth=1 origin +b313c1381902bcdbf4b47e3bf0579489296d7774:refs/remotes/origin/cleanup/cloudflare-deploy
prepare	Checkout	2025-11-27T09:58:01.7934664Z From https://github.com/opsvantagedigi/my-smart-wallets-app
prepare	Checkout	2025-11-27T09:58:01.7936347Z  * [new ref]         b313c1381902bcdbf4b47e3bf0579489296d7774 -> origin/cleanup/cloudflare-deploy
prepare	Checkout	2025-11-27T09:58:01.7968714Z ##[endgroup]
prepare	Checkout	2025-11-27T09:58:01.7969981Z ##[group]Determining the checkout info
prepare	Checkout	2025-11-27T09:58:01.7971803Z ##[endgroup]
prepare	Checkout	2025-11-27T09:58:01.7976993Z [command]/usr/bin/git sparse-checkout disable
prepare	Checkout	2025-11-27T09:58:01.8019314Z [command]/usr/bin/git config --local --unset-all extensions.worktreeConfig
prepare	Checkout	2025-11-27T09:58:01.8045479Z ##[group]Checking out the ref
prepare	Checkout	2025-11-27T09:58:01.8049358Z [command]/usr/bin/git checkout --progress --force -B cleanup/cloudflare-deploy refs/remotes/origin/cleanup/cloudflare-deploy
prepare	Checkout	2025-11-27T09:58:01.8344770Z Switched to a new branch 'cleanup/cloudflare-deploy'
prepare	Checkout	2025-11-27T09:58:01.8346461Z branch 'cleanup/cloudflare-deploy' set up to track 'origin/cleanup/cloudflare-deploy'.
prepare	Checkout	2025-11-27T09:58:01.8356738Z ##[endgroup]
prepare	Checkout	2025-11-27T09:58:01.8393161Z [command]/usr/bin/git log -1 --format=%H
prepare	Checkout	2025-11-27T09:58:01.8414518Z b313c1381902bcdbf4b47e3bf0579489296d7774
prepare	Setup Node 20	¬¥‚ïó‚îê2025-11-27T09:58:01.8655095Z ##[group]Run actions/setup-node@v4
prepare	Setup Node 20	2025-11-27T09:58:01.8655687Z with:
prepare	Setup Node 20	2025-11-27T09:58:01.8656090Z   node-version: 20
prepare	Setup Node 20	2025-11-27T09:58:01.8656527Z   always-auth: false
prepare	Setup Node 20	2025-11-27T09:58:01.8657004Z   check-latest: false
prepare	Setup Node 20	2025-11-27T09:58:01.8657807Z   token: ***
prepare	Setup Node 20	2025-11-27T09:58:01.8658236Z ##[endgroup]
prepare	Setup Node 20	2025-11-27T09:58:02.0416817Z Found in cache @ /opt/hostedtoolcache/node/20.19.5/x64
prepare	Setup Node 20	2025-11-27T09:58:02.0423261Z ##[group]Environment details
prepare	Setup Node 20	2025-11-27T09:58:02.4122533Z node: v20.19.5
prepare	Setup Node 20	2025-11-27T09:58:02.4123716Z npm: 10.8.2
prepare	Setup Node 20	2025-11-27T09:58:02.4124324Z yarn: 1.22.22
prepare	Setup Node 20	2025-11-27T09:58:02.4126245Z ##[endgroup]
prepare	Install dependencies	¬¥‚ïó‚îê2025-11-27T09:58:02.4257943Z ##[group]Run npm ci
prepare	Install dependencies	2025-11-27T09:58:02.4259089Z [36;1mnpm ci[0m
prepare	Install dependencies	2025-11-27T09:58:02.4307727Z shell: /usr/bin/bash -e {0}
prepare	Install dependencies	2025-11-27T09:58:02.4308916Z ##[endgroup]
prepare	Install dependencies	2025-11-27T09:58:05.7055640Z npm warn ERESOLVE overriding peer dependency
prepare	Install dependencies	2025-11-27T09:58:05.7056735Z npm warn While resolving: qrcode.react@1.0.1
prepare	Install dependencies	2025-11-27T09:58:05.7057284Z npm warn Found: react@18.3.1
prepare	Install dependencies	2025-11-27T09:58:05.7057760Z npm warn node_modules/react
prepare	Install dependencies	2025-11-27T09:58:05.7058343Z npm warn   react@"18.3.1" from the root project
prepare	Install dependencies	2025-11-27T09:58:05.7059168Z npm warn   99 more (@account-kit/react, zustand, zustand, ...)
prepare	Install dependencies	2025-11-27T09:58:05.7059795Z npm warn
prepare	Install dependencies	2025-11-27T09:58:05.7060287Z npm warn Could not resolve dependency:
prepare	Install dependencies	2025-11-27T09:58:05.7061315Z npm warn peer react@"^15.5.3 || ^16.0.0 || ^17.0.0" from qrcode.react@1.0.1
prepare	Install dependencies	2025-11-27T09:58:05.7062256Z npm warn node_modules/@keystonehq/sdk/node_modules/qrcode.react
prepare	Install dependencies	2025-11-27T09:58:05.7063144Z npm warn   qrcode.react@"^1.0.1" from @keystonehq/sdk@0.19.2
prepare	Install dependencies	2025-11-27T09:58:05.7063852Z npm warn   node_modules/@keystonehq/sdk
prepare	Install dependencies	2025-11-27T09:58:05.7064351Z npm warn
prepare	Install dependencies	2025-11-27T09:58:05.7064887Z npm warn Conflicting peer dependency: react@17.0.2
prepare	Install dependencies	2025-11-27T09:58:05.7065504Z npm warn node_modules/react
prepare	Install dependencies	2025-11-27T09:58:05.7066255Z npm warn   peer react@"^15.5.3 || ^16.0.0 || ^17.0.0" from qrcode.react@1.0.1
prepare	Install dependencies	2025-11-27T09:58:05.7067126Z npm warn   node_modules/@keystonehq/sdk/node_modules/qrcode.react
prepare	Install dependencies	2025-11-27T09:58:05.7067937Z npm warn     qrcode.react@"^1.0.1" from @keystonehq/sdk@0.19.2
prepare	Install dependencies	2025-11-27T09:58:05.7068601Z npm warn     node_modules/@keystonehq/sdk
prepare	Install dependencies	2025-11-27T09:58:06.0296940Z npm warn ERESOLVE overriding peer dependency
prepare	Install dependencies	2025-11-27T09:58:06.0297777Z npm warn While resolving: react-qr-reader@2.2.1
prepare	Install dependencies	2025-11-27T09:58:06.0298319Z npm warn Found: react@18.3.1
prepare	Install dependencies	2025-11-27T09:58:06.0298775Z npm warn node_modules/react
prepare	Install dependencies	2025-11-27T09:58:06.0299324Z npm warn   react@"18.3.1" from the root project
prepare	Install dependencies	2025-11-27T09:58:06.0300263Z npm warn   99 more (@account-kit/react, zustand, zustand, ...)
prepare	Install dependencies	2025-11-27T09:58:06.0300823Z npm warn
prepare	Install dependencies	2025-11-27T09:58:06.0301479Z npm warn Could not resolve dependency:
prepare	Install dependencies	2025-11-27T09:58:06.0302115Z npm warn peer react@"~16" from react-qr-reader@2.2.1
prepare	Install dependencies	2025-11-27T09:58:06.0302930Z npm warn node_modules/@keystonehq/sdk/node_modules/react-qr-reader
prepare	Install dependencies	2025-11-27T09:58:06.0303798Z npm warn   react-qr-reader@"^2.2.1" from @keystonehq/sdk@0.19.2
prepare	Install dependencies	2025-11-27T09:58:06.0336498Z npm warn   node_modules/@keystonehq/sdk
prepare	Install dependencies	2025-11-27T09:58:06.0336964Z npm warn
prepare	Install dependencies	2025-11-27T09:58:06.0337449Z npm warn Conflicting peer dependency: react@16.14.0
prepare	Install dependencies	2025-11-27T09:58:06.0337998Z npm warn node_modules/react
prepare	Install dependencies	2025-11-27T09:58:06.0338591Z npm warn   peer react@"~16" from react-qr-reader@2.2.1
prepare	Install dependencies	2025-11-27T09:58:06.0339370Z npm warn   node_modules/@keystonehq/sdk/node_modules/react-qr-reader
prepare	Install dependencies	2025-11-27T09:58:06.0340195Z npm warn     react-qr-reader@"^2.2.1" from @keystonehq/sdk@0.19.2
prepare	Install dependencies	2025-11-27T09:58:06.0340864Z npm warn     node_modules/@keystonehq/sdk
prepare	Install dependencies	2025-11-27T09:58:06.0430277Z npm warn ERESOLVE overriding peer dependency
prepare	Install dependencies	2025-11-27T09:58:06.0431161Z npm warn While resolving: react-qr-reader@2.2.1
prepare	Install dependencies	2025-11-27T09:58:06.0431767Z npm warn Found: react-dom@18.3.1
prepare	Install dependencies	2025-11-27T09:58:06.0432273Z npm warn node_modules/react-dom
prepare	Install dependencies	2025-11-27T09:58:06.0432849Z npm warn   react-dom@"18.3.1" from the root project
prepare	Install dependencies	2025-11-27T09:58:06.0433563Z npm warn   31 more (@account-kit/react, @dnd-kit/core, ...)
prepare	Install dependencies	2025-11-27T09:58:06.0434074Z npm warn
prepare	Install dependencies	2025-11-27T09:58:06.0434483Z npm warn Could not resolve dependency:
prepare	Install dependencies	2025-11-27T09:58:06.0435130Z npm warn peer react-dom@"~16" from react-qr-reader@2.2.1
prepare	Install dependencies	2025-11-27T09:58:06.0435946Z npm warn node_modules/@keystonehq/sdk/node_modules/react-qr-reader
prepare	Install dependencies	2025-11-27T09:58:06.0516585Z npm warn   react-qr-reader@"^2.2.1" from @keystonehq/sdk@0.19.2
prepare	Install dependencies	2025-11-27T09:58:06.0517296Z npm warn   node_modules/@keystonehq/sdk
prepare	Install dependencies	2025-11-27T09:58:06.0517701Z npm warn
prepare	Install dependencies	2025-11-27T09:58:06.0518268Z npm warn Conflicting peer dependency: react-dom@16.14.0
prepare	Install dependencies	2025-11-27T09:58:06.0518851Z npm warn node_modules/react-dom
prepare	Install dependencies	2025-11-27T09:58:06.0519851Z npm warn   peer react-dom@"~16" from react-qr-reader@2.2.1
prepare	Install dependencies	2025-11-27T09:58:06.0520734Z npm warn   node_modules/@keystonehq/sdk/node_modules/react-qr-reader
prepare	Install dependencies	2025-11-27T09:58:06.0521753Z npm warn     react-qr-reader@"^2.2.1" from @keystonehq/sdk@0.19.2
prepare	Install dependencies	2025-11-27T09:58:06.0522421Z npm warn     node_modules/@keystonehq/sdk
prepare	Install dependencies	2025-11-27T09:58:10.6987783Z npm warn deprecated yaeti@0.0.6: Package no longer supported. Contact Support at https://www.npmjs.com/support for more info.
prepare	Install dependencies	2025-11-27T09:58:11.0113535Z npm warn deprecated uuidv4@6.2.13: Package no longer supported. Contact Support at https://www.npmjs.com/support for more info.
prepare	Install dependencies	2025-11-27T09:58:12.0054354Z npm warn deprecated rimraf@3.0.2: Rimraf versions prior to v4 are no longer supported
prepare	Install dependencies	2025-11-27T09:58:13.0638196Z npm warn deprecated lodash.isequal@4.5.0: This package is deprecated. Use require('node:util').isDeepStrictEqual instead.
prepare	Install dependencies	2025-11-27T09:58:13.7943308Z npm warn deprecated inflight@1.0.6: This module is not supported, and leaks memory. Do not use it. Check out lru-cache if you want a good and tested way to coalesce async requests by a key value, which is much more comprehensive and powerful.
prepare	Install dependencies	2025-11-27T09:58:14.1795535Z npm warn deprecated get-random-values-esm@1.0.2: use crypto.getRandomValues() instead
prepare	Install dependencies	2025-11-27T09:58:19.8071797Z npm warn deprecated @humanwhocodes/object-schema@2.0.3: Use @eslint/object-schema instead
prepare	Install dependencies	2025-11-27T09:58:19.9488637Z npm warn deprecated @humanwhocodes/config-array@0.13.0: Use @eslint/config-array instead
prepare	Install dependencies	2025-11-27T09:58:19.9493683Z npm warn deprecated @toruslabs/solana-embed@2.1.0: This sdk is now deprecated. Please use @web3auth/ws-embed instead
prepare	Install dependencies	2025-11-27T09:58:20.0650300Z npm warn deprecated @paulmillr/qr@0.2.1: The package is now available as "qr": npm install qr
prepare	Install dependencies	2025-11-27T09:58:22.1017658Z npm warn deprecated glob@7.2.3: Glob versions prior to v9 are no longer supported
prepare	Install dependencies	2025-11-27T09:58:22.4359154Z npm warn deprecated glob@7.2.3: Glob versions prior to v9 are no longer supported
prepare	Install dependencies	2025-11-27T09:58:25.4837695Z npm warn deprecated glob@7.2.3: Glob versions prior to v9 are no longer supported
prepare	Install dependencies	2025-11-27T09:58:26.1376553Z npm warn deprecated glob@7.2.3: Glob versions prior to v9 are no longer supported
prepare	Install dependencies	2025-11-27T09:58:26.4816618Z npm warn deprecated glob@7.2.3: Glob versions prior to v9 are no longer supported
prepare	Install dependencies	2025-11-27T09:58:26.4818696Z npm warn deprecated glob@7.2.3: Glob versions prior to v9 are no longer supported
prepare	Install dependencies	2025-11-27T09:58:27.7678464Z npm warn deprecated @walletconnect/sign-client@2.21.1: Reliability and performance improvements. See: https://github.com/WalletConnect/walletconnect-monorepo/releases
prepare	Install dependencies	2025-11-27T09:58:28.1919080Z npm warn deprecated glob@7.2.3: Glob versions prior to v9 are no longer supported
prepare	Install dependencies	2025-11-27T09:58:28.5564655Z npm warn deprecated @walletconnect/universal-provider@2.21.1: Reliability and performance improvements. See: https://github.com/WalletConnect/walletconnect-monorepo/releases
prepare	Install dependencies	2025-11-27T09:58:29.9117672Z npm warn deprecated glob@7.2.3: Glob versions prior to v9 are no longer supported
prepare	Install dependencies	2025-11-27T09:58:35.2002940Z npm warn deprecated @walletconnect/ethereum-provider@2.21.1: Reliability and performance improvements. See: https://github.com/WalletConnect/walletconnect-monorepo/releases
prepare	Install dependencies	2025-11-27T09:58:35.6627119Z npm warn deprecated @walletconnect/sign-client@2.19.0: Reliability and performance improvements. See: https://github.com/WalletConnect/walletconnect-monorepo/releases
prepare	Install dependencies	2025-11-27T09:58:35.6881400Z npm warn deprecated @walletconnect/sign-client@2.19.1: Reliability and performance improvements. See: https://github.com/WalletConnect/walletconnect-monorepo/releases
prepare	Install dependencies	2025-11-27T09:58:35.7099904Z npm warn deprecated @walletconnect/sign-client@2.19.1: Reliability and performance improvements. See: https://github.com/WalletConnect/walletconnect-monorepo/releases
prepare	Install dependencies	2025-11-27T09:58:35.7451329Z npm warn deprecated @walletconnect/sign-client@2.19.1: Reliability and performance improvements. See: https://github.com/WalletConnect/walletconnect-monorepo/releases
prepare	Install dependencies	2025-11-27T09:58:35.8177989Z npm warn deprecated @walletconnect/sign-client@2.21.0: Reliability and performance improvements. See: https://github.com/WalletConnect/walletconnect-monorepo/releases
prepare	Install dependencies	2025-11-27T09:58:35.8601483Z npm warn deprecated @walletconnect/sign-client@2.21.0: Reliability and performance improvements. See: https://github.com/WalletConnect/walletconnect-monorepo/releases
prepare	Install dependencies	2025-11-27T09:58:35.9619104Z npm warn deprecated @walletconnect/sign-client@2.21.0: Reliability and performance improvements. See: https://github.com/WalletConnect/walletconnect-monorepo/releases
prepare	Install dependencies	2025-11-27T09:58:36.0857594Z npm warn deprecated @walletconnect/universal-provider@2.19.1: Reliability and performance improvements. See: https://github.com/WalletConnect/walletconnect-monorepo/releases
prepare	Install dependencies	2025-11-27T09:58:36.1595172Z npm warn deprecated @walletconnect/universal-provider@2.19.1: Reliability and performance improvements. See: https://github.com/WalletConnect/walletconnect-monorepo/releases
prepare	Install dependencies	2025-11-27T09:58:36.1599166Z npm warn deprecated @walletconnect/universal-provider@2.19.1: Reliability and performance improvements. See: https://github.com/WalletConnect/walletconnect-monorepo/releases
prepare	Install dependencies	2025-11-27T09:58:36.2359836Z npm warn deprecated @walletconnect/universal-provider@2.21.0: Reliability and performance improvements. See: https://github.com/WalletConnect/walletconnect-monorepo/releases
prepare	Install dependencies	2025-11-27T09:58:36.3055627Z npm warn deprecated @walletconnect/universal-provider@2.21.0: Reliability and performance improvements. See: https://github.com/WalletConnect/walletconnect-monorepo/releases
prepare	Install dependencies	2025-11-27T09:58:36.3058046Z npm warn deprecated @walletconnect/universal-provider@2.21.0: Reliability and performance improvements. See: https://github.com/WalletConnect/walletconnect-monorepo/releases
prepare	Install dependencies	2025-11-27T09:58:36.3867188Z npm warn deprecated @walletconnect/universal-provider@2.19.0: Reliability and performance improvements. See: https://github.com/WalletConnect/walletconnect-monorepo/releases
prepare	Install dependencies	2025-11-27T09:58:39.1123706Z npm warn deprecated eslint@8.57.1: This version is no longer supported. Please see https://eslint.org/version-support for other options.
prepare	Install dependencies	2025-11-27T09:59:47.7060854Z 
prepare	Install dependencies	2025-11-27T09:59:47.7061621Z added 2856 packages, and audited 2857 packages in 2m
prepare	Install dependencies	2025-11-27T09:59:47.7062172Z 
prepare	Install dependencies	2025-11-27T09:59:47.7062598Z 401 packages are looking for funding
prepare	Install dependencies	2025-11-27T09:59:47.7063012Z   run `npm fund` for details
prepare	Install dependencies	2025-11-27T09:59:47.8172650Z 
prepare	Install dependencies	2025-11-27T09:59:47.8173242Z 14 high severity vulnerabilities
prepare	Install dependencies	2025-11-27T09:59:47.8173579Z 
prepare	Install dependencies	2025-11-27T09:59:47.8173841Z To address issues that do not require attention, run:
prepare	Install dependencies	2025-11-27T09:59:47.8174178Z   npm audit fix
prepare	Install dependencies	2025-11-27T09:59:47.8174334Z 
prepare	Install dependencies	2025-11-27T09:59:47.8174609Z To address all issues possible (including breaking changes), run:
prepare	Install dependencies	2025-11-27T09:59:47.8174977Z   npm audit fix --force
prepare	Install dependencies	2025-11-27T09:59:47.8175123Z 
prepare	Install dependencies	2025-11-27T09:59:47.8175314Z Some issues need review, and may require choosing
prepare	Install dependencies	2025-11-27T09:59:47.8175642Z a different dependency.
prepare	Install dependencies	2025-11-27T09:59:47.8175781Z 
prepare	Install dependencies	2025-11-27T09:59:47.8175898Z Run `npm audit` for details.
prepare	Build	¬¥‚ïó‚îê2025-11-27T09:59:47.9101429Z ##[group]Run # Fail fast and save build console output to build.log for diagnostics
prepare	Build	2025-11-27T09:59:47.9102028Z [36;1m# Fail fast and save build console output to build.log for diagnostics[0m
prepare	Build	2025-11-27T09:59:47.9102377Z [36;1mset -e[0m
prepare	Build	2025-11-27T09:59:47.9102576Z [36;1mnpm run build 2>&1 | tee build.log[0m
prepare	Build	2025-11-27T09:59:47.9102837Z [36;1mecho "built=true" >> $GITHUB_OUTPUT[0m
prepare	Build	2025-11-27T09:59:47.9137810Z shell: /usr/bin/bash --noprofile --norc -e -o pipefail {0}
prepare	Build	2025-11-27T09:59:47.9138131Z ##[endgroup]
prepare	Build	2025-11-27T09:59:48.0206633Z 
prepare	Build	2025-11-27T09:59:48.0207458Z > ui-components-qs-nextjs@0.1.0 build
prepare	Build	2025-11-27T09:59:48.0207891Z > next build
prepare	Build	2025-11-27T09:59:48.0208030Z 
prepare	Build	2025-11-27T09:59:48.5719455Z √î√ú√° No build cache found. Please configure build caching for faster rebuilds. Read more: https://nextjs.org/docs/messages/no-cache
prepare	Build	2025-11-27T09:59:48.5813316Z Attention: Next.js now collects completely anonymous telemetry regarding usage.
prepare	Build	2025-11-27T09:59:48.5814446Z This information is used to shape Next.js' roadmap and prioritize features.
prepare	Build	2025-11-27T09:59:48.5815960Z You can learn more, including how to opt-out if you'd not like to participate in this anonymous program, by visiting the following URL:
prepare	Build	2025-11-27T09:59:48.5816986Z https://nextjs.org/telemetry
prepare	Build	2025-11-27T09:59:48.5817267Z 
prepare	Build	2025-11-27T09:59:48.6079635Z    √î√ª‚ñì Next.js 16.0.4 (Turbopack)
prepare	Build	2025-11-27T09:59:48.6080268Z 
prepare	Build	2025-11-27T09:59:48.6978132Z    Creating an optimized production build ...
prepare	Build	2025-11-27T09:59:55.1982366Z  √î¬£√¥ Compiled successfully in 6.2s
prepare	Build	2025-11-27T09:59:55.2017964Z    Running TypeScript ...
prepare	Build	2025-11-27T10:00:03.9998864Z    Collecting page data using 3 workers ...
prepare	Build	2025-11-27T10:00:04.4547456Z    Generating static pages using 3 workers (0/5) ...
prepare	Build	2025-11-27T10:00:04.9152621Z    Generating static pages using 3 workers (1/5) 
prepare	Build	2025-11-27T10:00:04.9164091Z    Generating static pages using 3 workers (2/5) 
prepare	Build	2025-11-27T10:00:04.9166180Z    Generating static pages using 3 workers (3/5) 
prepare	Build	2025-11-27T10:00:04.9168483Z  √î¬£√¥ Generating static pages using 3 workers (5/5) in 462.1ms
prepare	Build	2025-11-27T10:00:04.9277651Z    Finalizing page optimization ...
prepare	Build	2025-11-27T10:00:05.0296088Z 
prepare	Build	2025-11-27T10:00:05.0313602Z Route (app)
prepare	Build	2025-11-27T10:00:05.0314269Z √î√∂√Æ √î√π√Ø /
prepare	Build	2025-11-27T10:00:05.0314664Z √î√∂¬£ √î√π√Ø /_not-found
prepare	Build	2025-11-27T10:00:05.0315060Z √î√∂√∂ √î√π√Ø /contact
prepare	Build	2025-11-27T10:00:05.0315255Z 
prepare	Build	2025-11-27T10:00:05.0315269Z 
prepare	Build	2025-11-27T10:00:05.0315675Z √î√π√Ø  (Static)  prerendered as static content
prepare	Build	2025-11-27T10:00:05.0316030Z 
prepare	Upload build log	¬¥‚ïó‚îê2025-11-27T10:00:05.0754587Z ##[group]Run actions/upload-artifact@v4
prepare	Upload build log	2025-11-27T10:00:05.0755068Z with:
prepare	Upload build log	2025-11-27T10:00:05.0755370Z   name: build-log
prepare	Upload build log	2025-11-27T10:00:05.0755680Z   path: build.log
prepare	Upload build log	2025-11-27T10:00:05.0755991Z   if-no-files-found: warn
prepare	Upload build log	2025-11-27T10:00:05.0756342Z   compression-level: 6
prepare	Upload build log	2025-11-27T10:00:05.0756655Z   overwrite: false
prepare	Upload build log	2025-11-27T10:00:05.0756975Z   include-hidden-files: false
prepare	Upload build log	2025-11-27T10:00:05.0757328Z ##[endgroup]
prepare	Upload build log	2025-11-27T10:00:05.3006699Z With the provided path, there will be 1 file uploaded
prepare	Upload build log	2025-11-27T10:00:05.3012822Z Artifact name is valid!
prepare	Upload build log	2025-11-27T10:00:05.3014355Z Root directory input is valid!
prepare	Upload build log	2025-11-27T10:00:05.6169660Z Beginning upload of artifact content to blob storage
prepare	Upload build log	2025-11-27T10:00:05.9189049Z Uploaded bytes 703
prepare	Upload build log	2025-11-27T10:00:05.9972438Z Finished uploading artifact content to blob storage!
prepare	Upload build log	2025-11-27T10:00:05.9975976Z SHA256 digest of uploaded artifact zip is 93d812a17bcbb2eaa3184808969b210ec66f975ac062bc3ef28bb24f9aed109e
prepare	Upload build log	2025-11-27T10:00:05.9977413Z Finalizing artifact upload
prepare	Upload build log	2025-11-27T10:00:06.1608336Z Artifact build-log.zip successfully finalized. Artifact ID 4695908718
prepare	Upload build log	2025-11-27T10:00:06.1610429Z Artifact build-log has been successfully uploaded! Final size is 703 bytes. Artifact ID is 4695908718
prepare	Upload build log	2025-11-27T10:00:06.1616658Z Artifact download URL: https://github.com/opsvantagedigi/my-smart-wallets-app/actions/runs/19732317777/artifacts/4695908718
prepare	Upload mock server log (if present)	¬¥‚ïó‚îê2025-11-27T10:00:06.1734637Z ##[group]Run actions/upload-artifact@v4
prepare	Upload mock server log (if present)	2025-11-27T10:00:06.1734915Z with:
prepare	Upload mock server log (if present)	2025-11-27T10:00:06.1735084Z   name: ci-mock-log
prepare	Upload mock server log (if present)	2025-11-27T10:00:06.1735266Z   path: ci-mock.log
prepare	Upload mock server log (if present)	2025-11-27T10:00:06.1735459Z   if-no-files-found: warn
prepare	Upload mock server log (if present)	2025-11-27T10:00:06.1735670Z   compression-level: 6
prepare	Upload mock server log (if present)	2025-11-27T10:00:06.1735861Z   overwrite: false
prepare	Upload mock server log (if present)	2025-11-27T10:00:06.1736041Z   include-hidden-files: false
prepare	Upload mock server log (if present)	2025-11-27T10:00:06.1736255Z ##[endgroup]
prepare	Upload mock server log (if present)	2025-11-27T10:00:06.3865986Z With the provided path, there will be 1 file uploaded
prepare	Upload mock server log (if present)	2025-11-27T10:00:06.3870632Z Artifact name is valid!
prepare	Upload mock server log (if present)	2025-11-27T10:00:06.3872662Z Root directory input is valid!
prepare	Upload mock server log (if present)	2025-11-27T10:00:06.6886371Z Beginning upload of artifact content to blob storage
prepare	Upload mock server log (if present)	2025-11-27T10:00:06.9789832Z Uploaded bytes 171
prepare	Upload mock server log (if present)	2025-11-27T10:00:07.0551334Z Finished uploading artifact content to blob storage!
prepare	Upload mock server log (if present)	2025-11-27T10:00:07.0555128Z SHA256 digest of uploaded artifact zip is 5ff84dbfbdcf5272a7525e718cb30d3c445349d1806b590484462c0682ac7fb2
prepare	Upload mock server log (if present)	2025-11-27T10:00:07.0556793Z Finalizing artifact upload
prepare	Upload mock server log (if present)	2025-11-27T10:00:07.2282792Z Artifact ci-mock-log.zip successfully finalized. Artifact ID 4695908904
prepare	Upload mock server log (if present)	2025-11-27T10:00:07.2284129Z Artifact ci-mock-log has been successfully uploaded! Final size is 171 bytes. Artifact ID is 4695908904
prepare	Upload mock server log (if present)	2025-11-27T10:00:07.2291552Z Artifact download URL: https://github.com/opsvantagedigi/my-smart-wallets-app/actions/runs/19732317777/artifacts/4695908904
prepare	Post Setup Node 20	¬¥‚ïó‚îê2025-11-27T10:00:07.2413262Z Post job cleanup.
prepare	Post Checkout	¬¥‚ïó‚îê2025-11-27T10:00:07.4048713Z Post job cleanup.
prepare	Post Checkout	2025-11-27T10:00:07.4978448Z [command]/usr/bin/git version
prepare	Post Checkout	2025-11-27T10:00:07.5013870Z git version 2.51.2
prepare	Post Checkout	2025-11-27T10:00:07.5055985Z Temporarily overriding HOME='/home/runner/work/_temp/75ff124d-22bd-46d0-8448-f8b822771ffb' before making global git config changes
prepare	Post Checkout	2025-11-27T10:00:07.5056916Z Adding repository directory to the temporary git global config as a safe directory
prepare	Post Checkout	2025-11-27T10:00:07.5068281Z [command]/usr/bin/git config --global --add safe.directory /home/runner/work/my-smart-wallets-app/my-smart-wallets-app
prepare	Post Checkout	2025-11-27T10:00:07.5102073Z [command]/usr/bin/git config --local --name-only --get-regexp core\.sshCommand
prepare	Post Checkout	2025-11-27T10:00:07.5133188Z [command]/usr/bin/git submodule foreach --recursive sh -c "git config --local --name-only --get-regexp 'core\.sshCommand' && git config --local --unset-all 'core.sshCommand' || :"
prepare	Post Checkout	2025-11-27T10:00:07.5358886Z [command]/usr/bin/git config --local --name-only --get-regexp http\.https\:\/\/github\.com\/\.extraheader
prepare	Post Checkout	2025-11-27T10:00:07.5379239Z http.https://github.com/.extraheader
prepare	Post Checkout	2025-11-27T10:00:07.5391535Z [command]/usr/bin/git config --local --unset-all http.https://github.com/.extraheader
prepare	Post Checkout	2025-11-27T10:00:07.5421211Z [command]/usr/bin/git submodule foreach --recursive sh -c "git config --local --name-only --get-regexp 'http\.https\:\/\/github\.com\/\.extraheader' && git config --local --unset-all 'http.https://github.com/.extraheader' || :"
prepare	Post Checkout	2025-11-27T10:00:07.5637599Z [command]/usr/bin/git config --local --name-only --get-regexp ^includeIf\.gitdir:
prepare	Post Checkout	2025-11-27T10:00:07.5667076Z [command]/usr/bin/git submodule foreach --recursive git config --local --show-origin --name-only --get-regexp remote.origin.url
prepare	Complete job	¬¥‚ïó‚îê2025-11-27T10:00:07.5983937Z Evaluate and set job outputs
prepare	Complete job	2025-11-27T10:00:07.5989970Z Set output 'built'
prepare	Complete job	2025-11-27T10:00:07.5992179Z Cleaning up orphan processes
deploy	Set up job	¬¥‚ïó‚îê2025-11-27T10:00:14.0310537Z Current runner version: '2.329.0'
deploy	Set up job	2025-11-27T10:00:14.0344985Z ##[group]Runner Image Provisioner
deploy	Set up job	2025-11-27T10:00:14.0346469Z Hosted Compute Agent
deploy	Set up job	2025-11-27T10:00:14.0347419Z Version: 20251016.436
deploy	Set up job	2025-11-27T10:00:14.0348477Z Commit: 8ab8ac8bfd662a3739dab9fe09456aba92132568
deploy	Set up job	2025-11-27T10:00:14.0349919Z Build Date: 2025-10-15T20:44:12Z
deploy	Set up job	2025-11-27T10:00:14.0350942Z ##[endgroup]
deploy	Set up job	2025-11-27T10:00:14.0351839Z ##[group]Operating System
deploy	Set up job	2025-11-27T10:00:14.0352878Z Ubuntu
deploy	Set up job	2025-11-27T10:00:14.0353752Z 24.04.3
deploy	Set up job	2025-11-27T10:00:14.0354799Z LTS
deploy	Set up job	2025-11-27T10:00:14.0355779Z ##[endgroup]
deploy	Set up job	2025-11-27T10:00:14.0356700Z ##[group]Runner Image
deploy	Set up job	2025-11-27T10:00:14.0357598Z Image: ubuntu-24.04
deploy	Set up job	2025-11-27T10:00:14.0358550Z Version: 20251112.124.1
deploy	Set up job	2025-11-27T10:00:14.0360378Z Included Software: https://github.com/actions/runner-images/blob/ubuntu24/20251112.124/images/ubuntu/Ubuntu2404-Readme.md
deploy	Set up job	2025-11-27T10:00:14.0362892Z Image Release: https://github.com/actions/runner-images/releases/tag/ubuntu24%2F20251112.124
deploy	Set up job	2025-11-27T10:00:14.0365269Z ##[endgroup]
deploy	Set up job	2025-11-27T10:00:14.0367377Z ##[group]GITHUB_TOKEN Permissions
deploy	Set up job	2025-11-27T10:00:14.0370006Z Contents: read
deploy	Set up job	2025-11-27T10:00:14.0370874Z Metadata: read
deploy	Set up job	2025-11-27T10:00:14.0371950Z Packages: read
deploy	Set up job	2025-11-27T10:00:14.0372857Z ##[endgroup]
deploy	Set up job	2025-11-27T10:00:14.0375983Z Secret source: Actions
deploy	Set up job	2025-11-27T10:00:14.0377239Z Prepare workflow directory
deploy	Set up job	2025-11-27T10:00:14.0919272Z Prepare all required actions
deploy	Set up job	2025-11-27T10:00:14.0971359Z Getting action download info
deploy	Set up job	2025-11-27T10:00:14.4036414Z Download action repository 'actions/checkout@v4' (SHA:34e114876b0b11c390a56381ad16ebd13914f8d5)
deploy	Set up job	2025-11-27T10:00:14.9055101Z Download action repository 'actions/upload-artifact@v4' (SHA:ea165f8d65b6e75b540449e92b4886f43607fa02)
deploy	Set up job	2025-11-27T10:00:15.0941472Z Complete job name: deploy
deploy	Checkout	¬¥‚ïó‚îê2025-11-27T10:00:15.1627621Z ##[group]Run actions/checkout@v4
deploy	Checkout	2025-11-27T10:00:15.1628530Z with:
deploy	Checkout	2025-11-27T10:00:15.1629059Z   repository: opsvantagedigi/my-smart-wallets-app
deploy	Checkout	2025-11-27T10:00:15.1629837Z   token: ***
deploy	Checkout	2025-11-27T10:00:15.1630286Z   ssh-strict: true
deploy	Checkout	2025-11-27T10:00:15.1630712Z   ssh-user: git
deploy	Checkout	2025-11-27T10:00:15.1631146Z   persist-credentials: true
deploy	Checkout	2025-11-27T10:00:15.1631633Z   clean: true
deploy	Checkout	2025-11-27T10:00:15.1632075Z   sparse-checkout-cone-mode: true
deploy	Checkout	2025-11-27T10:00:15.1632607Z   fetch-depth: 1
deploy	Checkout	2025-11-27T10:00:15.1633034Z   fetch-tags: false
deploy	Checkout	2025-11-27T10:00:15.1633472Z   show-progress: true
deploy	Checkout	2025-11-27T10:00:15.1634096Z   lfs: false
deploy	Checkout	2025-11-27T10:00:15.1634538Z   submodules: false
deploy	Checkout	2025-11-27T10:00:15.1634989Z   set-safe-directory: true
deploy	Checkout	2025-11-27T10:00:15.1635711Z ##[endgroup]
deploy	Checkout	2025-11-27T10:00:15.2706739Z Syncing repository: opsvantagedigi/my-smart-wallets-app
deploy	Checkout	2025-11-27T10:00:15.2708734Z ##[group]Getting Git version info
deploy	Checkout	2025-11-27T10:00:15.2709655Z Working directory is '/home/runner/work/my-smart-wallets-app/my-smart-wallets-app'
deploy	Checkout	2025-11-27T10:00:15.2710902Z [command]/usr/bin/git version
deploy	Checkout	2025-11-27T10:00:15.2788390Z git version 2.51.2
deploy	Checkout	2025-11-27T10:00:15.2814279Z ##[endgroup]
deploy	Checkout	2025-11-27T10:00:15.2828389Z Temporarily overriding HOME='/home/runner/work/_temp/d9ca771b-cd75-4f7f-abe3-e6db7aa9f3f7' before making global git config changes
deploy	Checkout	2025-11-27T10:00:15.2830092Z Adding repository directory to the temporary git global config as a safe directory
deploy	Checkout	2025-11-27T10:00:15.2840746Z [command]/usr/bin/git config --global --add safe.directory /home/runner/work/my-smart-wallets-app/my-smart-wallets-app
deploy	Checkout	2025-11-27T10:00:15.2876137Z Deleting the contents of '/home/runner/work/my-smart-wallets-app/my-smart-wallets-app'
deploy	Checkout	2025-11-27T10:00:15.2879439Z ##[group]Initializing the repository
deploy	Checkout	2025-11-27T10:00:15.2883427Z [command]/usr/bin/git init /home/runner/work/my-smart-wallets-app/my-smart-wallets-app
deploy	Checkout	2025-11-27T10:00:15.3008369Z hint: Using 'master' as the name for the initial branch. This default branch name
deploy	Checkout	2025-11-27T10:00:15.3010112Z hint: is subject to change. To configure the initial branch name to use in all
deploy	Checkout	2025-11-27T10:00:15.3011514Z hint: of your new repositories, which will suppress this warning, call:
deploy	Checkout	2025-11-27T10:00:15.3012929Z hint:
deploy	Checkout	2025-11-27T10:00:15.3013999Z hint: 	git config --global init.defaultBranch <name>
deploy	Checkout	2025-11-27T10:00:15.3015074Z hint:
deploy	Checkout	2025-11-27T10:00:15.3016003Z hint: Names commonly chosen instead of 'master' are 'main', 'trunk' and
deploy	Checkout	2025-11-27T10:00:15.3017067Z hint: 'development'. The just-created branch can be renamed via this command:
deploy	Checkout	2025-11-27T10:00:15.3018114Z hint:
deploy	Checkout	2025-11-27T10:00:15.3018716Z hint: 	git branch -m <name>
deploy	Checkout	2025-11-27T10:00:15.3019250Z hint:
deploy	Checkout	2025-11-27T10:00:15.3019912Z hint: Disable this message with "git config set advice.defaultBranchName false"
deploy	Checkout	2025-11-27T10:00:15.3021080Z Initialized empty Git repository in /home/runner/work/my-smart-wallets-app/my-smart-wallets-app/.git/
deploy	Checkout	2025-11-27T10:00:15.3024138Z [command]/usr/bin/git remote add origin https://github.com/opsvantagedigi/my-smart-wallets-app
deploy	Checkout	2025-11-27T10:00:15.3061373Z ##[endgroup]
deploy	Checkout	2025-11-27T10:00:15.3062180Z ##[group]Disabling automatic garbage collection
deploy	Checkout	2025-11-27T10:00:15.3065330Z [command]/usr/bin/git config --local gc.auto 0
deploy	Checkout	2025-11-27T10:00:15.3092645Z ##[endgroup]
deploy	Checkout	2025-11-27T10:00:15.3093392Z ##[group]Setting up auth
deploy	Checkout	2025-11-27T10:00:15.3100751Z [command]/usr/bin/git config --local --name-only --get-regexp core\.sshCommand
deploy	Checkout	2025-11-27T10:00:15.3130904Z [command]/usr/bin/git submodule foreach --recursive sh -c "git config --local --name-only --get-regexp 'core\.sshCommand' && git config --local --unset-all 'core.sshCommand' || :"
deploy	Checkout	2025-11-27T10:00:15.3495225Z [command]/usr/bin/git config --local --name-only --get-regexp http\.https\:\/\/github\.com\/\.extraheader
deploy	Checkout	2025-11-27T10:00:15.3525037Z [command]/usr/bin/git submodule foreach --recursive sh -c "git config --local --name-only --get-regexp 'http\.https\:\/\/github\.com\/\.extraheader' && git config --local --unset-all 'http.https://github.com/.extraheader' || :"
deploy	Checkout	2025-11-27T10:00:15.3739758Z [command]/usr/bin/git config --local --name-only --get-regexp ^includeIf\.gitdir:
deploy	Checkout	2025-11-27T10:00:15.3769998Z [command]/usr/bin/git submodule foreach --recursive git config --local --show-origin --name-only --get-regexp remote.origin.url
deploy	Checkout	2025-11-27T10:00:15.3995407Z [command]/usr/bin/git config --local http.https://github.com/.extraheader AUTHORIZATION: basic ***
deploy	Checkout	2025-11-27T10:00:15.4028503Z ##[endgroup]
deploy	Checkout	2025-11-27T10:00:15.4030140Z ##[group]Fetching the repository
deploy	Checkout	2025-11-27T10:00:15.4038878Z [command]/usr/bin/git -c protocol.version=2 fetch --no-tags --prune --no-recurse-submodules --depth=1 origin +b313c1381902bcdbf4b47e3bf0579489296d7774:refs/remotes/origin/cleanup/cloudflare-deploy
deploy	Checkout	2025-11-27T10:00:15.6789907Z From https://github.com/opsvantagedigi/my-smart-wallets-app
deploy	Checkout	2025-11-27T10:00:15.6791789Z  * [new ref]         b313c1381902bcdbf4b47e3bf0579489296d7774 -> origin/cleanup/cloudflare-deploy
deploy	Checkout	2025-11-27T10:00:15.6823359Z ##[endgroup]
deploy	Checkout	2025-11-27T10:00:15.6825234Z ##[group]Determining the checkout info
deploy	Checkout	2025-11-27T10:00:15.6826733Z ##[endgroup]
deploy	Checkout	2025-11-27T10:00:15.6830064Z [command]/usr/bin/git sparse-checkout disable
deploy	Checkout	2025-11-27T10:00:15.6871661Z [command]/usr/bin/git config --local --unset-all extensions.worktreeConfig
deploy	Checkout	2025-11-27T10:00:15.6897102Z ##[group]Checking out the ref
deploy	Checkout	2025-11-27T10:00:15.6900946Z [command]/usr/bin/git checkout --progress --force -B cleanup/cloudflare-deploy refs/remotes/origin/cleanup/cloudflare-deploy
deploy	Checkout	2025-11-27T10:00:15.7196567Z Switched to a new branch 'cleanup/cloudflare-deploy'
deploy	Checkout	2025-11-27T10:00:15.7198998Z branch 'cleanup/cloudflare-deploy' set up to track 'origin/cleanup/cloudflare-deploy'.
deploy	Checkout	2025-11-27T10:00:15.7208313Z ##[endgroup]
deploy	Checkout	2025-11-27T10:00:15.7242131Z [command]/usr/bin/git log -1 --format=%H
deploy	Checkout	2025-11-27T10:00:15.7264701Z b313c1381902bcdbf4b47e3bf0579489296d7774
deploy	Show Cloudflare secret status	¬¥‚ïó‚îê2025-11-27T10:00:15.7510902Z ##[group]Run if [ -z "***" ]; then
deploy	Show Cloudflare secret status	2025-11-27T10:00:15.7512605Z [36;1mif [ -z "***" ]; then[0m
deploy	Show Cloudflare secret status	2025-11-27T10:00:15.7514921Z [36;1m  echo "CLOUDFLARE_API_TOKEN not set √î√á√∂ deployment will be skipped. Add the secret to enable deploys."[0m
deploy	Show Cloudflare secret status	2025-11-27T10:00:15.7517109Z [36;1melse[0m
deploy	Show Cloudflare secret status	2025-11-27T10:00:15.7518463Z [36;1m  echo "CLOUDFLARE_API_TOKEN is present. Deployment step will run."[0m
deploy	Show Cloudflare secret status	2025-11-27T10:00:15.7520355Z [36;1mfi[0m
deploy	Show Cloudflare secret status	2025-11-27T10:00:15.7559182Z shell: /usr/bin/bash -e {0}
deploy	Show Cloudflare secret status	2025-11-27T10:00:15.7560301Z ##[endgroup]
deploy	Show Cloudflare secret status	2025-11-27T10:00:15.7646540Z CLOUDFLARE_API_TOKEN is present. Deployment step will run.
deploy	Cloudflare debug (whoami)	¬¥‚ïó‚îê2025-11-27T10:00:15.7721681Z ##[group]Run # Avoid passing unsupported CLI flags. Provide token via env and run whoami for auth check.
deploy	Cloudflare debug (whoami)	2025-11-27T10:00:15.7724922Z [36;1m# Avoid passing unsupported CLI flags. Provide token via env and run whoami for auth check.[0m
deploy	Cloudflare debug (whoami)	2025-11-27T10:00:15.7727036Z [36;1mif [ -n "$CLOUDFLARE_API_TOKEN" ]; then[0m
deploy	Cloudflare debug (whoami)	2025-11-27T10:00:15.7728266Z [36;1m  set -e[0m
deploy	Cloudflare debug (whoami)	2025-11-27T10:00:15.7729480Z [36;1m  echo "Running wrangler whoami (output saved to artifact)"[0m
deploy	Cloudflare debug (whoami)	2025-11-27T10:00:15.7731267Z [36;1m  npx wrangler whoami > wrangler-whoami.log 2>&1 || true[0m
deploy	Cloudflare debug (whoami)	2025-11-27T10:00:15.7732668Z [36;1melse[0m
deploy	Cloudflare debug (whoami)	2025-11-27T10:00:15.7734157Z [36;1m  echo "CLOUDFLARE_API_TOKEN not present; skipping wrangler whoami"[0m
deploy	Cloudflare debug (whoami)	2025-11-27T10:00:15.7735810Z [36;1mfi[0m
deploy	Cloudflare debug (whoami)	2025-11-27T10:00:15.7772218Z shell: /usr/bin/bash --noprofile --norc -e -o pipefail {0}
deploy	Cloudflare debug (whoami)	2025-11-27T10:00:15.7773628Z env:
deploy	Cloudflare debug (whoami)	2025-11-27T10:00:15.7775120Z   CLOUDFLARE_API_TOKEN: ***
deploy	Cloudflare debug (whoami)	2025-11-27T10:00:15.7776105Z ##[endgroup]
deploy	Cloudflare debug (whoami)	2025-11-27T10:00:15.7838557Z Running wrangler whoami (output saved to artifact)
deploy	Upload wrangler debug logs	¬¥‚ïó‚îê2025-11-27T10:00:37.5794202Z ##[group]Run actions/upload-artifact@v4
deploy	Upload wrangler debug logs	2025-11-27T10:00:37.5794675Z with:
deploy	Upload wrangler debug logs	2025-11-27T10:00:37.5794870Z   name: wrangler-debug
deploy	Upload wrangler debug logs	2025-11-27T10:00:37.5795131Z   path: wrangler-whoami.log
deploy	Upload wrangler debug logs	wrangler-dry-run.log
deploy	Upload wrangler debug logs	
deploy	Upload wrangler debug logs	2025-11-27T10:00:37.5795430Z   if-no-files-found: warn
deploy	Upload wrangler debug logs	2025-11-27T10:00:37.5795644Z   compression-level: 6
deploy	Upload wrangler debug logs	2025-11-27T10:00:37.5795832Z   overwrite: false
deploy	Upload wrangler debug logs	2025-11-27T10:00:37.5796030Z   include-hidden-files: false
deploy	Upload wrangler debug logs	2025-11-27T10:00:37.5796250Z ##[endgroup]
deploy	Upload wrangler debug logs	2025-11-27T10:00:37.7941895Z Multiple search paths detected. Calculating the least common ancestor of all paths
deploy	Upload wrangler debug logs	2025-11-27T10:00:37.7947219Z The least common ancestor is /home/runner/work/my-smart-wallets-app/my-smart-wallets-app. This will be the root directory of the artifact
deploy	Upload wrangler debug logs	2025-11-27T10:00:37.7948420Z With the provided path, there will be 1 file uploaded
deploy	Upload wrangler debug logs	2025-11-27T10:00:37.7955610Z Artifact name is valid!
deploy	Upload wrangler debug logs	2025-11-27T10:00:37.7958186Z Root directory input is valid!
deploy	Upload wrangler debug logs	2025-11-27T10:00:37.9095826Z Beginning upload of artifact content to blob storage
deploy	Upload wrangler debug logs	2025-11-27T10:00:37.9745549Z Uploaded bytes 625
deploy	Upload wrangler debug logs	2025-11-27T10:00:37.9935188Z Finished uploading artifact content to blob storage!
deploy	Upload wrangler debug logs	2025-11-27T10:00:37.9938240Z SHA256 digest of uploaded artifact zip is 7d424a4494636850dd62e60f7bfe291f0e4ee812cbf89b80be3796a802239e53
deploy	Upload wrangler debug logs	2025-11-27T10:00:37.9940072Z Finalizing artifact upload
deploy	Upload wrangler debug logs	2025-11-27T10:00:38.1194122Z Artifact wrangler-debug.zip successfully finalized. Artifact ID 4695914305
deploy	Upload wrangler debug logs	2025-11-27T10:00:38.1195365Z Artifact wrangler-debug has been successfully uploaded! Final size is 625 bytes. Artifact ID is 4695914305
deploy	Upload wrangler debug logs	2025-11-27T10:00:38.1203568Z Artifact download URL: https://github.com/opsvantagedigi/my-smart-wallets-app/actions/runs/19732317777/artifacts/4695914305
deploy	Deploy (wrangler)	¬¥‚ïó‚îê2025-11-27T10:00:38.1296500Z ##[group]Run if [ -n "$CLOUDFLARE_API_TOKEN" ]; then
deploy	Deploy (wrangler)	2025-11-27T10:00:38.1296907Z [36;1mif [ -n "$CLOUDFLARE_API_TOKEN" ]; then[0m
deploy	Deploy (wrangler)	2025-11-27T10:00:38.1297178Z [36;1m  set -e[0m
deploy	Deploy (wrangler)	2025-11-27T10:00:38.1297460Z [36;1m  echo "Deploying with wrangler (token provided via env)"[0m
deploy	Deploy (wrangler)	2025-11-27T10:00:38.1297984Z [36;1m  # Use npx to ensure a consistent installed version; do not pass unsupported flags.[0m
deploy	Deploy (wrangler)	2025-11-27T10:00:38.1298431Z [36;1m  npx wrangler publish > wrangler-publish.log 2>&1[0m
deploy	Deploy (wrangler)	2025-11-27T10:00:38.1298718Z [36;1melse[0m
deploy	Deploy (wrangler)	2025-11-27T10:00:38.1299001Z [36;1m  echo "CLOUDFLARE_API_TOKEN not present; skipping deployment"[0m
deploy	Deploy (wrangler)	2025-11-27T10:00:38.1299339Z [36;1mfi[0m
deploy	Deploy (wrangler)	2025-11-27T10:00:38.1335817Z shell: /usr/bin/bash --noprofile --norc -e -o pipefail {0}
deploy	Deploy (wrangler)	2025-11-27T10:00:38.1336157Z env:
deploy	Deploy (wrangler)	2025-11-27T10:00:38.1336568Z   CLOUDFLARE_API_TOKEN: ***
deploy	Deploy (wrangler)	2025-11-27T10:00:38.1336789Z ##[endgroup]
deploy	Deploy (wrangler)	2025-11-27T10:00:38.1387083Z Deploying with wrangler (token provided via env)
deploy	Deploy (wrangler)	2025-11-27T10:00:40.2367721Z ##[error]Process completed with exit code 1.
deploy	Post Checkout	¬¥‚ïó‚îê2025-11-27T10:00:40.2462185Z Post job cleanup.
deploy	Post Checkout	2025-11-27T10:00:40.3399483Z [command]/usr/bin/git version
deploy	Post Checkout	2025-11-27T10:00:40.3435232Z git version 2.51.2
deploy	Post Checkout	2025-11-27T10:00:40.3477413Z Temporarily overriding HOME='/home/runner/work/_temp/c348164b-157c-4a3c-a656-c9beac2aaee1' before making global git config changes
deploy	Post Checkout	2025-11-27T10:00:40.3478438Z Adding repository directory to the temporary git global config as a safe directory
deploy	Post Checkout	2025-11-27T10:00:40.3490323Z [command]/usr/bin/git config --global --add safe.directory /home/runner/work/my-smart-wallets-app/my-smart-wallets-app
deploy	Post Checkout	2025-11-27T10:00:40.3524332Z [command]/usr/bin/git config --local --name-only --get-regexp core\.sshCommand
deploy	Post Checkout	2025-11-27T10:00:40.3556419Z [command]/usr/bin/git submodule foreach --recursive sh -c "git config --local --name-only --get-regexp 'core\.sshCommand' && git config --local --unset-all 'core.sshCommand' || :"
deploy	Post Checkout	2025-11-27T10:00:40.3784695Z [command]/usr/bin/git config --local --name-only --get-regexp http\.https\:\/\/github\.com\/\.extraheader
deploy	Post Checkout	2025-11-27T10:00:40.3804588Z http.https://github.com/.extraheader
deploy	Post Checkout	2025-11-27T10:00:40.3816317Z [command]/usr/bin/git config --local --unset-all http.https://github.com/.extraheader
deploy	Post Checkout	2025-11-27T10:00:40.3845710Z [command]/usr/bin/git submodule foreach --recursive sh -c "git config --local --name-only --get-regexp 'http\.https\:\/\/github\.com\/\.extraheader' && git config --local --unset-all 'http.https://github.com/.extraheader' || :"
deploy	Post Checkout	2025-11-27T10:00:40.4066026Z [command]/usr/bin/git config --local --name-only --get-regexp ^includeIf\.gitdir:
deploy	Post Checkout	2025-11-27T10:00:40.4096297Z [command]/usr/bin/git submodule foreach --recursive git config --local --show-origin --name-only --get-regexp remote.origin.url
deploy	Complete job	¬¥‚ïó‚îê2025-11-27T10:00:40.4421132Z Cleaning up orphan processes
